../Core/Src/main.c:96:5:main	8	static
../Core/Src/main.c:190:6:SystemClock_Config	88	static
../Core/Src/main.c:236:13:MX_NVIC_Init	8	static
../Core/Src/main.c:248:13:MX_ADC1_Init	24	static
../Core/Src/main.c:331:13:MX_I2C1_Init	8	static
../Core/Src/main.c:365:13:MX_TIM1_Init	80	static
../Core/Src/main.c:434:13:MX_TIM4_Init	32	static
../Core/Src/main.c:477:13:MX_DMA_Init	16	static
../Core/Src/main.c:490:13:MX_GPIO_Init	40	static
../Core/Src/main.c:535:6:HAL_TIM_PeriodElapsedCallback	16	static
../Core/Src/main.c:588:6:Error_Handler	4	static,ignoring_inline_asm
