../Core/Src/main.c:98:5:main	8	static
../Core/Src/main.c:195:6:SystemClock_Config	88	static
../Core/Src/main.c:241:13:MX_NVIC_Init	8	static
../Core/Src/main.c:253:13:MX_ADC1_Init	24	static
../Core/Src/main.c:336:13:MX_I2C1_Init	8	static
../Core/Src/main.c:370:13:MX_TIM1_Init	80	static
../Core/Src/main.c:439:13:MX_TIM4_Init	32	static
../Core/Src/main.c:482:13:MX_DMA_Init	16	static
../Core/Src/main.c:495:13:MX_GPIO_Init	40	static
../Core/Src/main.c:540:6:HAL_TIM_PeriodElapsedCallback	16	static
../Core/Src/main.c:598:6:Error_Handler	4	static,ignoring_inline_asm
