Archive member included to satisfy reference by file (symbol)

C:/ST/STM32CubeIDE_1.11.0/STM32CubeIDE/plugins/com.st.stm32cube.ide.mcu.externaltools.gnu-tools-for-stm32.13.3.rel1.win32_1.0.0.202411081344/tools/bin/../lib/gcc/arm-none-eabi/13.3.1/../../../../arm-none-eabi/lib/thumb/v7-m/nofp\libc_nano.a(libc_a-exit.o)
                              C:/ST/STM32CubeIDE_1.11.0/STM32CubeIDE/plugins/com.st.stm32cube.ide.mcu.externaltools.gnu-tools-for-stm32.13.3.rel1.win32_1.0.0.202411081344/tools/bin/../lib/gcc/arm-none-eabi/13.3.1/../../../../arm-none-eabi/lib/thumb/v7-m/nofp/crt0.o (exit)
C:/ST/STM32CubeIDE_1.11.0/STM32CubeIDE/plugins/com.st.stm32cube.ide.mcu.externaltools.gnu-tools-for-stm32.13.3.rel1.win32_1.0.0.202411081344/tools/bin/../lib/gcc/arm-none-eabi/13.3.1/../../../../arm-none-eabi/lib/thumb/v7-m/nofp\libc_nano.a(libc_a-findfp.o)
                              C:/ST/STM32CubeIDE_1.11.0/STM32CubeIDE/plugins/com.st.stm32cube.ide.mcu.externaltools.gnu-tools-for-stm32.13.3.rel1.win32_1.0.0.202411081344/tools/bin/../lib/gcc/arm-none-eabi/13.3.1/../../../../arm-none-eabi/lib/thumb/v7-m/nofp\libc_nano.a(libc_a-exit.o) (__stdio_exit_handler)
C:/ST/STM32CubeIDE_1.11.0/STM32CubeIDE/plugins/com.st.stm32cube.ide.mcu.externaltools.gnu-tools-for-stm32.13.3.rel1.win32_1.0.0.202411081344/tools/bin/../lib/gcc/arm-none-eabi/13.3.1/../../../../arm-none-eabi/lib/thumb/v7-m/nofp\libc_nano.a(libc_a-fwalk.o)
                              C:/ST/STM32CubeIDE_1.11.0/STM32CubeIDE/plugins/com.st.stm32cube.ide.mcu.externaltools.gnu-tools-for-stm32.13.3.rel1.win32_1.0.0.202411081344/tools/bin/../lib/gcc/arm-none-eabi/13.3.1/../../../../arm-none-eabi/lib/thumb/v7-m/nofp\libc_nano.a(libc_a-findfp.o) (_fwalk_sglue)
C:/ST/STM32CubeIDE_1.11.0/STM32CubeIDE/plugins/com.st.stm32cube.ide.mcu.externaltools.gnu-tools-for-stm32.13.3.rel1.win32_1.0.0.202411081344/tools/bin/../lib/gcc/arm-none-eabi/13.3.1/../../../../arm-none-eabi/lib/thumb/v7-m/nofp\libc_nano.a(libc_a-putchar.o)
                              ./Drivers/csrc/u8x8_d_stdio.o (putchar)
C:/ST/STM32CubeIDE_1.11.0/STM32CubeIDE/plugins/com.st.stm32cube.ide.mcu.externaltools.gnu-tools-for-stm32.13.3.rel1.win32_1.0.0.202411081344/tools/bin/../lib/gcc/arm-none-eabi/13.3.1/../../../../arm-none-eabi/lib/thumb/v7-m/nofp\libc_nano.a(libc_a-sprintf.o)
                              ./Core/Src/lcd_display.o (sprintf)
C:/ST/STM32CubeIDE_1.11.0/STM32CubeIDE/plugins/com.st.stm32cube.ide.mcu.externaltools.gnu-tools-for-stm32.13.3.rel1.win32_1.0.0.202411081344/tools/bin/../lib/gcc/arm-none-eabi/13.3.1/../../../../arm-none-eabi/lib/thumb/v7-m/nofp\libc_nano.a(libc_a-stdio.o)
                              C:/ST/STM32CubeIDE_1.11.0/STM32CubeIDE/plugins/com.st.stm32cube.ide.mcu.externaltools.gnu-tools-for-stm32.13.3.rel1.win32_1.0.0.202411081344/tools/bin/../lib/gcc/arm-none-eabi/13.3.1/../../../../arm-none-eabi/lib/thumb/v7-m/nofp\libc_nano.a(libc_a-findfp.o) (__sread)
C:/ST/STM32CubeIDE_1.11.0/STM32CubeIDE/plugins/com.st.stm32cube.ide.mcu.externaltools.gnu-tools-for-stm32.13.3.rel1.win32_1.0.0.202411081344/tools/bin/../lib/gcc/arm-none-eabi/13.3.1/../../../../arm-none-eabi/lib/thumb/v7-m/nofp\libc_nano.a(libc_a-memmove.o)
                              ./Drivers/csrc/mui.o (memmove)
C:/ST/STM32CubeIDE_1.11.0/STM32CubeIDE/plugins/com.st.stm32cube.ide.mcu.externaltools.gnu-tools-for-stm32.13.3.rel1.win32_1.0.0.202411081344/tools/bin/../lib/gcc/arm-none-eabi/13.3.1/../../../../arm-none-eabi/lib/thumb/v7-m/nofp\libc_nano.a(libc_a-memset.o)
                              C:/ST/STM32CubeIDE_1.11.0/STM32CubeIDE/plugins/com.st.stm32cube.ide.mcu.externaltools.gnu-tools-for-stm32.13.3.rel1.win32_1.0.0.202411081344/tools/bin/../lib/gcc/arm-none-eabi/13.3.1/../../../../arm-none-eabi/lib/thumb/v7-m/nofp/crt0.o (memset)
C:/ST/STM32CubeIDE_1.11.0/STM32CubeIDE/plugins/com.st.stm32cube.ide.mcu.externaltools.gnu-tools-for-stm32.13.3.rel1.win32_1.0.0.202411081344/tools/bin/../lib/gcc/arm-none-eabi/13.3.1/../../../../arm-none-eabi/lib/thumb/v7-m/nofp\libc_nano.a(libc_a-closer.o)
                              C:/ST/STM32CubeIDE_1.11.0/STM32CubeIDE/plugins/com.st.stm32cube.ide.mcu.externaltools.gnu-tools-for-stm32.13.3.rel1.win32_1.0.0.202411081344/tools/bin/../lib/gcc/arm-none-eabi/13.3.1/../../../../arm-none-eabi/lib/thumb/v7-m/nofp\libc_nano.a(libc_a-stdio.o) (_close_r)
C:/ST/STM32CubeIDE_1.11.0/STM32CubeIDE/plugins/com.st.stm32cube.ide.mcu.externaltools.gnu-tools-for-stm32.13.3.rel1.win32_1.0.0.202411081344/tools/bin/../lib/gcc/arm-none-eabi/13.3.1/../../../../arm-none-eabi/lib/thumb/v7-m/nofp\libc_nano.a(libc_a-reent.o)
                              C:/ST/STM32CubeIDE_1.11.0/STM32CubeIDE/plugins/com.st.stm32cube.ide.mcu.externaltools.gnu-tools-for-stm32.13.3.rel1.win32_1.0.0.202411081344/tools/bin/../lib/gcc/arm-none-eabi/13.3.1/../../../../arm-none-eabi/lib/thumb/v7-m/nofp\libc_nano.a(libc_a-closer.o) (errno)
[...]
Memory Configuration

Name             Origin             Length             Attributes
RAM              0x20000000         0x00005000         xrw
FLASH            0x08000000         0x00020000         xr
*default*        0x00000000         0xffffffff

Linker script and memory map

LOAD C:/ST/STM32CubeIDE_1.11.0/STM32CubeIDE/plugins/com.st.stm32cube.ide.mcu.externaltools.gnu-tools-for-stm32.13.3.rel1.win32_1.0.0.202411081344/tools/bin/../lib/gcc/arm-none-eabi/13.3.1/thumb/v7-m/nofp/crti.o
LOAD C:/ST/STM32CubeIDE_1.11.0/STM32CubeIDE/plugins/com.st.stm32cube.ide.mcu.externaltools.gnu-tools-for-stm32.13.3.rel1.win32_1.0.0.202411081344/tools/bin/../lib/gcc/arm-none-eabi/13.3.1/thumb/v7-m/nofp/crtbegin.o
LOAD C:/ST/STM32CubeIDE_1.11.0/STM32CubeIDE/plugins/com.st.stm32cube.ide.mcu.externaltools.gnu-tools-for-stm32.13.3.rel1.win32_1.0.0.202411081344/tools/bin/../lib/gcc/arm-none-eabi/13.3.1/../../../../arm-none-eabi/lib/thumb/v7-m/nofp/crt0.o
LOAD ./Core/Src/adc_sampling.o
LOAD ./Core/Src/lcd_display.o
LOAD ./Core/Src/main.o
LOAD ./Core/Src/mppt.o
LOAD ./Core/Src/pwm.o
LOAD ./Core/Src/stm32f1xx_hal_msp.o
LOAD ./Core/Src/stm32f1xx_it.o
LOAD ./Core/Src/syscalls.o
LOAD ./Core/Src/sysmem.o
LOAD ./Core/Src/system_stm32f1xx.o
LOAD ./Core/Src/work_protect.o
LOAD ./Core/Startup/startup_stm32f103cbtx.o
LOAD ./Drivers/STM32F1xx_HAL_Driver/Src/stm32f1xx_hal.o
LOAD ./Drivers/STM32F1xx_HAL_Driver/Src/stm32f1xx_hal_adc.o
LOAD ./Drivers/STM32F1xx_HAL_Driver/Src/stm32f1xx_hal_adc_ex.o
LOAD ./Drivers/STM32F1xx_HAL_Driver/Src/stm32f1xx_hal_cortex.o
LOAD ./Drivers/STM32F1xx_HAL_Driver/Src/stm32f1xx_hal_dma.o
LOAD ./Drivers/STM32F1xx_HAL_Driver/Src/stm32f1xx_hal_exti.o
LOAD ./Drivers/STM32F1xx_HAL_Driver/Src/stm32f1xx_hal_flash.o
LOAD ./Drivers/STM32F1xx_HAL_Driver/Src/stm32f1xx_hal_flash_ex.o
LOAD ./Drivers/STM32F1xx_HAL_Driver/Src/stm32f1xx_hal_gpio.o
LOAD ./Drivers/STM32F1xx_HAL_Driver/Src/stm32f1xx_hal_gpio_ex.o
LOAD ./Drivers/STM32F1xx_HAL_Driver/Src/stm32f1xx_hal_i2c.o
LOAD ./Drivers/STM32F1xx_HAL_Driver/Src/stm32f1xx_hal_pwr.o
LOAD ./Drivers/STM32F1xx_HAL_Driver/Src/stm32f1xx_hal_rcc.o
LOAD ./Drivers/STM32F1xx_HAL_Driver/Src/stm32f1xx_hal_rcc_ex.o
LOAD ./Drivers/STM32F1xx_HAL_Driver/Src/stm32f1xx_hal_tim.o
LOAD ./Drivers/STM32F1xx_HAL_Driver/Src/stm32f1xx_hal_tim_ex.o
LOAD ./Drivers/csrc/mui.o
LOAD ./Drivers/csrc/mui_u8g2.o
LOAD ./Drivers/csrc/u8g2_arc.o
LOAD ./Drivers/csrc/u8g2_bitmap.o
LOAD ./Drivers/csrc/u8g2_box.o
LOAD ./Drivers/csrc/u8g2_buffer.o
LOAD ./Drivers/csrc/u8g2_button.o
LOAD ./Drivers/csrc/u8g2_circle.o
LOAD ./Drivers/csrc/u8g2_cleardisplay.o
LOAD ./Drivers/csrc/u8g2_d_memory.o
LOAD ./Drivers/csrc/u8g2_d_setup.o
LOAD ./Drivers/csrc/u8g2_font.o
LOAD ./Drivers/csrc/u8g2_fonts.o
LOAD ./Drivers/csrc/u8g2_hvline.o
LOAD ./Drivers/csrc/u8g2_input_value.o
LOAD ./Drivers/csrc/u8g2_intersection.o
LOAD ./Drivers/csrc/u8g2_kerning.o
LOAD ./Drivers/csrc/u8g2_line.o
LOAD ./Drivers/csrc/u8g2_ll_hvline.o
LOAD ./Drivers/csrc/u8g2_message.o
LOAD ./Drivers/csrc/u8g2_polygon.o
LOAD ./Drivers/csrc/u8g2_selection_list.o
LOAD ./Drivers/csrc/u8g2_setup.o
LOAD ./Drivers/csrc/u8log.o
LOAD ./Drivers/csrc/u8log_u8g2.o
LOAD ./Drivers/csrc/u8log_u8x8.o
LOAD ./Drivers/csrc/u8x8_8x8.o
LOAD ./Drivers/csrc/u8x8_byte.o
LOAD ./Drivers/csrc/u8x8_cad.o
LOAD ./Drivers/csrc/u8x8_capture.o
LOAD ./Drivers/csrc/u8x8_d_a2printer.o
LOAD ./Drivers/csrc/u8x8_d_ch1120.o
LOAD ./Drivers/csrc/u8x8_d_gp1247ai.o
LOAD ./Drivers/csrc/u8x8_d_gp1287ai.o
LOAD ./Drivers/csrc/u8x8_d_gp1294ai.o
LOAD ./Drivers/csrc/u8x8_d_gu800.o
LOAD ./Drivers/csrc/u8x8_d_hd44102.o
LOAD ./Drivers/csrc/u8x8_d_il3820_296x128.o
LOAD ./Drivers/csrc/u8x8_d_ist3020.o
LOAD ./Drivers/csrc/u8x8_d_ist3088.o
LOAD ./Drivers/csrc/u8x8_d_ist7920.o
LOAD ./Drivers/csrc/u8x8_d_ks0108.o
LOAD ./Drivers/csrc/u8x8_d_lc7981.o
LOAD ./Drivers/csrc/u8x8_d_ld7032_60x32.o
LOAD ./Drivers/csrc/u8x8_d_ls013b7dh03.o
LOAD ./Drivers/csrc/u8x8_d_max7219.o
LOAD ./Drivers/csrc/u8x8_d_pcd8544_84x48.o
LOAD ./Drivers/csrc/u8x8_d_pcf8812.o
LOAD ./Drivers/csrc/u8x8_d_pcf8814_hx1230.o
LOAD ./Drivers/csrc/u8x8_d_s1d15300.o
LOAD ./Drivers/csrc/u8x8_d_s1d15721.o
LOAD ./Drivers/csrc/u8x8_d_s1d15e06.o
LOAD ./Drivers/csrc/u8x8_d_sbn1661.o
LOAD ./Drivers/csrc/u8x8_d_sed1330.o
LOAD ./Drivers/csrc/u8x8_d_sh1106_64x32.o
LOAD ./Drivers/csrc/u8x8_d_sh1106_72x40.o
LOAD ./Drivers/csrc/u8x8_d_sh1107.o
LOAD ./Drivers/csrc/u8x8_d_sh1108.o
LOAD ./Drivers/csrc/u8x8_d_sh1122.o
LOAD ./Drivers/csrc/u8x8_d_ssd1305.o
LOAD ./Drivers/csrc/u8x8_d_ssd1306_128x32.o
LOAD ./Drivers/csrc/u8x8_d_ssd1306_128x64_noname.o
LOAD ./Drivers/csrc/u8x8_d_ssd1306_2040x16.o
LOAD ./Drivers/csrc/u8x8_d_ssd1306_48x64.o
LOAD ./Drivers/csrc/u8x8_d_ssd1306_64x32.o
LOAD ./Drivers/csrc/u8x8_d_ssd1306_64x48.o
LOAD ./Drivers/csrc/u8x8_d_ssd1306_72x40.o
LOAD ./Drivers/csrc/u8x8_d_ssd1306_96x16.o
LOAD ./Drivers/csrc/u8x8_d_ssd1306_96x40.o
LOAD ./Drivers/csrc/u8x8_d_ssd1309.o
LOAD ./Drivers/csrc/u8x8_d_ssd1312.o
LOAD ./Drivers/csrc/u8x8_d_ssd1315_128x64_noname.o
LOAD ./Drivers/csrc/u8x8_d_ssd1316.o
LOAD ./Drivers/csrc/u8x8_d_ssd1317.o
LOAD ./Drivers/csrc/u8x8_d_ssd1318.o
LOAD ./Drivers/csrc/u8x8_d_ssd1320.o
LOAD ./Drivers/csrc/u8x8_d_ssd1322.o
LOAD ./Drivers/csrc/u8x8_d_ssd1325.o
LOAD ./Drivers/csrc/u8x8_d_ssd1326.o
LOAD ./Drivers/csrc/u8x8_d_ssd1327.o
LOAD ./Drivers/csrc/u8x8_d_ssd1329.o
LOAD ./Drivers/csrc/u8x8_d_ssd1362.o
LOAD ./Drivers/csrc/u8x8_d_ssd1363.o
LOAD ./Drivers/csrc/u8x8_d_ssd1606_172x72.o
LOAD ./Drivers/csrc/u8x8_d_ssd1607_200x200.o
LOAD ./Drivers/csrc/u8x8_d_st7302.o
LOAD ./Drivers/csrc/u8x8_d_st7305.o
LOAD ./Drivers/csrc/u8x8_d_st7511.o
LOAD ./Drivers/csrc/u8x8_d_st75160.o
LOAD ./Drivers/csrc/u8x8_d_st75161.o
LOAD ./Drivers/csrc/u8x8_d_st75256.o
LOAD ./Drivers/csrc/u8x8_d_st7528.o
LOAD ./Drivers/csrc/u8x8_d_st75320.o
LOAD ./Drivers/csrc/u8x8_d_st7539.o
LOAD ./Drivers/csrc/u8x8_d_st7565.o
LOAD ./Drivers/csrc/u8x8_d_st7567.o
LOAD ./Drivers/csrc/u8x8_d_st7571.o
LOAD ./Drivers/csrc/u8x8_d_st7586s_erc240160.o
LOAD ./Drivers/csrc/u8x8_d_st7586s_jlx320160.o
LOAD ./Drivers/csrc/u8x8_d_st7586s_jlx384160.o
LOAD ./Drivers/csrc/u8x8_d_st7586s_md240128.o
LOAD ./Drivers/csrc/u8x8_d_st7586s_s028hn118a.o
LOAD ./Drivers/csrc/u8x8_d_st7586s_ymc240160.o
LOAD ./Drivers/csrc/u8x8_d_st7588.o
LOAD ./Drivers/csrc/u8x8_d_st7920.o
LOAD ./Drivers/csrc/u8x8_d_stdio.o
LOAD ./Drivers/csrc/u8x8_d_t6963.o
LOAD ./Drivers/csrc/u8x8_d_uc1601.o
LOAD ./Drivers/csrc/u8x8_d_uc1604.o
LOAD ./Drivers/csrc/u8x8_d_uc1608.o
LOAD ./Drivers/csrc/u8x8_d_uc1609.o
LOAD ./Drivers/csrc/u8x8_d_uc1610.o
LOAD ./Drivers/csrc/u8x8_d_uc1611.o
LOAD ./Drivers/csrc/u8x8_d_uc1617.o
LOAD ./Drivers/csrc/u8x8_d_uc1628.o
LOAD ./Drivers/csrc/u8x8_d_uc1638.o
LOAD ./Drivers/csrc/u8x8_d_uc1701_dogs102.o
LOAD ./Drivers/csrc/u8x8_d_uc1701_mini12864.o
LOAD ./Drivers/csrc/u8x8_debounce.o
LOAD ./Drivers/csrc/u8x8_display.o
LOAD ./Drivers/csrc/u8x8_fonts.o
LOAD ./Drivers/csrc/u8x8_gpio.o
LOAD ./Drivers/csrc/u8x8_input_value.o
LOAD ./Drivers/csrc/u8x8_message.o
LOAD ./Drivers/csrc/u8x8_selection_list.o
LOAD ./Drivers/csrc/u8x8_setup.o
LOAD ./Drivers/csrc/u8x8_string.o
LOAD ./Drivers/csrc/u8x8_u16toa.o
LOAD ./Drivers/csrc/u8x8_u8toa.o
START GROUP
LOAD C:/ST/STM32CubeIDE_1.11.0/STM32CubeIDE/plugins/com.st.stm32cube.ide.mcu.externaltools.gnu-tools-for-stm32.13.3.rel1.win32_1.0.0.202411081344/tools/bin/../lib/gcc/arm-none-eabi/13.3.1/../../../../arm-none-eabi/lib/thumb/v7-m/nofp\libc_nano.a
LOAD C:/ST/STM32CubeIDE_1.11.0/STM32CubeIDE/plugins/com.st.stm32cube.ide.mcu.externaltools.gnu-tools-for-stm32.13.3.rel1.win32_1.0.0.202411081344/tools/bin/../lib/gcc/arm-none-eabi/13.3.1/../../../../arm-none-eabi/lib/thumb/v7-m/nofp\libm.a
END GROUP
START GROUP
LOAD C:/ST/STM32CubeIDE_1.11.0/STM32CubeIDE/plugins/com.st.stm32cube.ide.mcu.externaltools.gnu-tools-for-stm32.13.3.rel1.win32_1.0.0.202411081344/tools/bin/../lib/gcc/arm-none-eabi/13.3.1/thumb/v7-m/nofp\libgcc.a
LOAD C:/ST/STM32CubeIDE_1.11.0/STM32CubeIDE/plugins/com.st.stm32cube.ide.mcu.externaltools.gnu-tools-for-stm32.13.3.rel1.win32_1.0.0.202411081344/tools/bin/../lib/gcc/arm-none-eabi/13.3.1/../../../../arm-none-eabi/lib/thumb/v7-m/nofp\libc_nano.a
END GROUP
START GROUP
LOAD C:/ST/STM32CubeIDE_1.11.0/STM32CubeIDE/plugins/com.st.stm32cube.ide.mcu.externaltools.gnu-tools-for-stm32.13.3.rel1.win32_1.0.0.202411081344/tools/bin/../lib/gcc/arm-none-eabi/13.3.1/thumb/v7-m/nofp\libgcc.a
LOAD C:/ST/STM32CubeIDE_1.11.0/STM32CubeIDE/plugins/com.st.stm32cube.ide.mcu.externaltools.gnu-tools-for-stm32.13.3.rel1.win32_1.0.0.202411081344/tools/bin/../lib/gcc/arm-none-eabi/13.3.1/../../../../arm-none-eabi/lib/thumb/v7-m/nofp\libc_nano.a
LOAD C:/ST/STM32CubeIDE_1.11.0/STM32CubeIDE/plugins/com.st.stm32cube.ide.mcu.externaltools.gnu-tools-for-stm32.13.3.rel1.win32_1.0.0.202411081344/tools/bin/../lib/gcc/arm-none-eabi/13.3.1/../../../../arm-none-eabi/lib/thumb/v7-m/nofp\libnosys.a
END GROUP
START GROUP
LOAD C:/ST/STM32CubeIDE_1.11.0/STM32CubeIDE/plugins/com.st.stm32cube.ide.mcu.externaltools.gnu-tools-for-stm32.13.3.rel1.win32_1.0.0.202411081344/tools/bin/../lib/gcc/arm-none-eabi/13.3.1/thumb/v7-m/nofp\libgcc.a
LOAD C:/ST/STM32CubeIDE_1.11.0/STM32CubeIDE/plugins/com.st.stm32cube.ide.mcu.externaltools.gnu-tools-for-stm32.13.3.rel1.win32_1.0.0.202411081344/tools/bin/../lib/gcc/arm-none-eabi/13.3.1/../../../../arm-none-eabi/lib/thumb/v7-m/nofp\libc_nano.a
LOAD C:/ST/STM32CubeIDE_1.11.0/STM32CubeIDE/plugins/com.st.stm32cube.ide.mcu.externaltools.gnu-tools-for-stm32.13.3.rel1.win32_1.0.0.202411081344/tools/bin/../lib/gcc/arm-none-eabi/13.3.1/../../../../arm-none-eabi/lib/thumb/v7-m/nofp\libnosys.a
END GROUP
LOAD C:/ST/STM32CubeIDE_1.11.0/STM32CubeIDE/plugins/com.st.stm32cube.ide.mcu.externaltools.gnu-tools-for-stm32.13.3.rel1.win32_1.0.0.202411081344/tools/bin/../lib/gcc/arm-none-eabi/13.3.1/thumb/v7-m/nofp/crtend.o
LOAD C:/ST/STM32CubeIDE_1.11.0/STM32CubeIDE/plugins/com.st.stm32cube.ide.mcu.externaltools.gnu-tools-for-stm32.13.3.rel1.win32_1.0.0.202411081344/tools/bin/../lib/gcc/arm-none-eabi/13.3.1/thumb/v7-m/nofp/crtn.o
                0x20005000                        _estack = (ORIGIN (RAM) + LENGTH (RAM))
                0x00000200                        _Min_Heap_Size = 0x200
                0x00000400                        _Min_Stack_Size = 0x400

.isr_vector     0x08000000      0x10c
                0x08000000                        . = ALIGN (0x4)
 *(.isr_vector)
 .isr_vector    0x08000000      0x10c ./Core/Startup/startup_stm32f103cbtx.o
                0x08000000                g_pfnVectors
                0x0800010c                        . = ALIGN (0x4)

.text           0x08000110     0x59fc
                0x08000110                        . = ALIGN (0x4)
 *(.text)
 .text          0x08000110       0x40 C:/ST/STM32CubeIDE_1.11.0/STM32CubeIDE/plugins/com.st.stm32cube.ide.mcu.externaltools.gnu-tools-for-stm32.13.3.rel1.win32_1.0.0.202411081344/tools/bin/../lib/gcc/arm-none-eabi/13.3.1/thumb/v7-m/nofp/crtbegin.o
 .text          0x08000150      0x378 C:/ST/STM32CubeIDE_1.11.0/STM32CubeIDE/plugins/com.st.stm32cube.ide.mcu.externaltools.gnu-tools-for-stm32.13.3.rel1.win32_1.0.0.202411081344/tools/bin/../lib/gcc/arm-none-eabi/13.3.1/thumb/v7-m/nofp\libgcc.a(_arm_addsubdf3.o)
                0x08000150                __aeabi_drsub
                0x08000158                __subdf3
                0x08000158                __aeabi_dsub
                0x0800015c                __aeabi_dadd
                0x0800015c                __adddf3
                0x080003d4                __floatunsidf
                0x080003d4                __aeabi_ui2d
                0x080003f4                __aeabi_i2d
                0x080003f4                __floatsidf
                0x08000418                __extendsfdf2
                0x08000418                __aeabi_f2d
                0x0800045c                __floatundidf
                0x0800045c                __aeabi_ul2d
                0x0800046c                __aeabi_l2d
                0x0800046c                __floatdidf
 .text          0x080004c8      0x424 C:/ST/STM32CubeIDE_1.11.0/STM32CubeIDE/plugins/com.st.stm32cube.ide.mcu.externaltools.gnu-tools-for-stm32.13.3.rel1.win32_1.0.0.202411081344/tools/bin/../lib/gcc/arm-none-eabi/13.3.1/thumb/v7-m/nofp\libgcc.a(_arm_muldivdf3.o)
                0x080004c8                __aeabi_dmul
                0x080004c8                __muldf3
                0x0800071c                __divdf3
                0x0800071c                __aeabi_ddiv
 .text          0x080008ec      0x110 C:/ST/STM32CubeIDE_1.11.0/STM32CubeIDE/plugins/com.st.stm32cube.ide.mcu.externaltools.gnu-tools-for-stm32.13.3.rel1.win32_1.0.0.202411081344/tools/bin/../lib/gcc/arm-none-eabi/13.3.1/thumb/v7-m/nofp\libgcc.a(_arm_cmpdf2.o)
                0x080008ec                __gtdf2
                0x080008ec                __gedf2
                0x080008f4                __ltdf2
                0x080008f4                __ledf2
                0x080008fc                __nedf2
                0x080008fc                __cmpdf2
                0x080008fc                __eqdf2
                0x08000978                __aeabi_cdrcmple
                0x08000988                __aeabi_cdcmple
                0x08000988                __aeabi_cdcmpeq
                0x08000998                __aeabi_dcmpeq
                0x080009ac                __aeabi_dcmplt
                0x080009c0                __aeabi_dcmple
                0x080009d4                __aeabi_dcmpge
                0x080009e8                __aeabi_dcmpgt
 .text          0x080009fc       0x2c C:/ST/STM32CubeIDE_1.11.0/STM32CubeIDE/plugins/com.st.stm32cube.ide.mcu.externaltools.gnu-tools-for-stm32.13.3.rel1.win32_1.0.0.202411081344/tools/bin/../lib/gcc/arm-none-eabi/13.3.1/thumb/v7-m/nofp\libgcc.a(_arm_unorddf2.o)
                0x080009fc                __unorddf2
                0x080009fc                __aeabi_dcmpun
 .text          0x08000a28       0x50 C:/ST/STM32CubeIDE_1.11.0/STM32CubeIDE/plugins/com.st.stm32cube.ide.mcu.externaltools.gnu-tools-for-stm32.13.3.rel1.win32_1.0.0.202411081344/tools/bin/../lib/gcc/arm-none-eabi/13.3.1/thumb/v7-m/nofp\libgcc.a(_arm_fixdfsi.o)
                0x08000a28                __fixdfsi
                0x08000a28                __aeabi_d2iz
 .text          0x08000a78       0xa0 C:/ST/STM32CubeIDE_1.11.0/STM32CubeIDE/plugins/com.st.stm32cube.ide.mcu.externaltools.gnu-tools-for-stm32.13.3.rel1.win32_1.0.0.202411081344/tools/bin/../lib/gcc/arm-none-eabi/13.3.1/thumb/v7-m/nofp\libgcc.a(_arm_truncdfsf2.o)
                0x08000a78                __truncdfsf2
                0x08000a78                __aeabi_d2f
 .text          0x08000b18      0x21c C:/ST/STM32CubeIDE_1.11.0/STM32CubeIDE/plugins/com.st.stm32cube.ide.mcu.externaltools.gnu-tools-for-stm32.13.3.rel1.win32_1.0.0.202411081344/tools/bin/../lib/gcc/arm-none-eabi/13.3.1/thumb/v7-m/nofp\libgcc.a(_arm_addsubsf3.o)
                0x08000b18                __aeabi_frsub
                0x08000b20                __subsf3
                0x08000b20                __aeabi_fsub
                0x08000b24                __addsf3
                0x08000b24                __aeabi_fadd
                0x08000c84                __aeabi_ui2f
                0x08000c84                __floatunsisf
                0x08000c8c                __floatsisf
                0x08000c8c                __aeabi_i2f
                0x08000ca8                __aeabi_ul2f
                0x08000ca8                __floatundisf
                0x08000cb8                __aeabi_l2f
                0x08000cb8                __floatdisf
 .text          0x08000d34      0x2a0 C:/ST/STM32CubeIDE_1.11.0/STM32CubeIDE/plugins/com.st.stm32cube.ide.mcu.externaltools.gnu-tools-for-stm32.13.3.rel1.win32_1.0.0.202411081344/tools/bin/../lib/gcc/arm-none-eabi/13.3.1/thumb/v7-m/nofp\libgcc.a(_arm_muldivsf3.o)
                0x08000d34                __aeabi_fmul
                0x08000d34                __mulsf3
                0x08000e9c                __divsf3
                0x08000e9c                __aeabi_fdiv
 .text          0x08000fd4       0x40 C:/ST/STM32CubeIDE_1.11.0/STM32CubeIDE/plugins/com.st.stm32cube.ide.mcu.externaltools.gnu-tools-for-stm32.13.3.rel1.win32_1.0.0.202411081344/tools/bin/../lib/gcc/arm-none-eabi/13.3.1/thumb/v7-m/nofp\libgcc.a(_arm_fixunssfsi.o)
                0x08000fd4                __aeabi_f2uiz
                0x08000fd4                __fixunssfsi
 *(.text*)
 .text.HAL_ADC_ConvCpltCallback
                0x08001014       0xf8 ./Core/Src/adc_sampling.o
                0x08001014                HAL_ADC_ConvCpltCallback
 *fill*         0x0800110c        0x4 
 .text.adc_sampling
                0x08001110      0x1c0 ./Core/Src/adc_sampling.o
                0x08001110                adc_sampling
 .text.u8x8_gpio_and_delay
                0x080012d0       0x10 ./Core/Src/lcd_display.o
                0x080012d0                u8x8_gpio_and_delay
 .text.u8x8_i2c
                0x080012e0       0x6c ./Core/Src/lcd_display.o
                0x080012e0                u8x8_i2c
 .text.lcd_init
                0x0800134c       0xfc ./Core/Src/lcd_display.o
                0x0800134c                lcd_init
 .text.lcd_print_unit
                0x08001448       0x8c ./Core/Src/lcd_display.o
                0x08001448                lcd_print_unit
 .text.lcd_main_display
                0x080014d4      0x150 ./Core/Src/lcd_display.o
                0x080014d4                lcd_main_display
 .text.SystemClock_Config
                0x08001624       0x7e ./Core/Src/main.o
                0x08001624                SystemClock_Config
 *fill*         0x080016a2        0x2 
 .text.startup.main
                0x080016a4      0x36c ./Core/Src/main.o
                0x080016a4                main
 .text.HAL_TIM_PeriodElapsedCallback
                0x08001a10      0x100 ./Core/Src/main.o
                0x08001a10                HAL_TIM_PeriodElapsedCallback
 .text.Error_Handler
                0x08001b10        0x4 ./Core/Src/main.o
                0x08001b10                Error_Handler
 .text.MPPT_PnO
                0x08001b14       0x9c ./Core/Src/mppt.o
                0x08001b14                MPPT_PnO
 .text.charging_flow
                0x08001bb0       0xbc ./Core/Src/mppt.o
                0x08001bb0                charging_flow
 .text.pwm_shift_out
                0x08001c6c       0x94 ./Core/Src/pwm.o
                0x08001c6c                pwm_shift_out
 .text.pwm_off  0x08001d00       0x3c ./Core/Src/pwm.o
                0x08001d00                pwm_off
 .text.HAL_MspInit
                0x08001d3c       0x4c ./Core/Src/stm32f1xx_hal_msp.o
                0x08001d3c                HAL_MspInit
 .text.HAL_ADC_MspInit
                0x08001d88       0xc0 ./Core/Src/stm32f1xx_hal_msp.o
                0x08001d88                HAL_ADC_MspInit
 .text.HAL_I2C_MspInit
                0x08001e48       0x64 ./Core/Src/stm32f1xx_hal_msp.o
                0x08001e48                HAL_I2C_MspInit
 .text.HAL_TIM_PWM_MspInit
                0x08001eac       0x40 ./Core/Src/stm32f1xx_hal_msp.o
                0x08001eac                HAL_TIM_PWM_MspInit
 .text.HAL_TIM_Base_MspInit
                0x08001eec       0x40 ./Core/Src/stm32f1xx_hal_msp.o
                0x08001eec                HAL_TIM_Base_MspInit
 .text.HAL_TIM_MspPostInit
                0x08001f2c       0x50 ./Core/Src/stm32f1xx_hal_msp.o
                0x08001f2c                HAL_TIM_MspPostInit
 .text.NMI_Handler
                0x08001f7c        0x2 ./Core/Src/stm32f1xx_it.o
                0x08001f7c                NMI_Handler
 .text.HardFault_Handler
                0x08001f7e        0x2 ./Core/Src/stm32f1xx_it.o
                0x08001f7e                HardFault_Handler
 .text.MemManage_Handler
                0x08001f80        0x2 ./Core/Src/stm32f1xx_it.o
                0x08001f80                MemManage_Handler
 .text.BusFault_Handler
                0x08001f82        0x2 ./Core/Src/stm32f1xx_it.o
                0x08001f82                BusFault_Handler
 .text.UsageFault_Handler
                0x08001f84        0x2 ./Core/Src/stm32f1xx_it.o
                0x08001f84                UsageFault_Handler
 .text.SVC_Handler
                0x08001f86        0x2 ./Core/Src/stm32f1xx_it.o
                0x08001f86                SVC_Handler
 .text.DebugMon_Handler
                0x08001f88        0x2 ./Core/Src/stm32f1xx_it.o
                0x08001f88                DebugMon_Handler
 .text.PendSV_Handler
                0x08001f8a        0x2 ./Core/Src/stm32f1xx_it.o
                0x08001f8a                PendSV_Handler
 .text.SysTick_Handler
                0x08001f8c        0x4 ./Core/Src/stm32f1xx_it.o
                0x08001f8c                SysTick_Handler
 .text.DMA1_Channel1_IRQHandler
                0x08001f90        0xc ./Core/Src/stm32f1xx_it.o
                0x08001f90                DMA1_Channel1_IRQHandler
 .text.TIM1_UP_IRQHandler
                0x08001f9c        0xc ./Core/Src/stm32f1xx_it.o
                0x08001f9c                TIM1_UP_IRQHandler
 .text.TIM4_IRQHandler
                0x08001fa8        0xc ./Core/Src/stm32f1xx_it.o
                0x08001fa8                TIM4_IRQHandler
 .text._sbrk    0x08001fb4       0x40 ./Core/Src/sysmem.o
                0x08001fb4                _sbrk
 .text.SystemInit
                0x08001ff4        0x2 ./Core/Src/system_stm32f1xx.o
                0x08001ff4                SystemInit
 *fill*         0x08001ff6        0x2 
 .text.work_protect_charging
                0x08001ff8       0xe0 ./Core/Src/work_protect.o
                0x08001ff8                work_protect_charging
 .text.Reset_Handler
                0x080020d8       0x48 ./Core/Startup/startup_stm32f103cbtx.o
                0x080020d8                Reset_Handler
 .text.Default_Handler
                0x08002120        0x2 ./Core/Startup/startup_stm32f103cbtx.o
                0x08002120                DMA1_Channel4_IRQHandler
                0x08002120                EXTI1_IRQHandler
                0x08002120                SPI2_IRQHandler
                0x08002120                EXTI9_5_IRQHandler
                0x08002120                SPI1_IRQHandler
                0x08002120                PVD_IRQHandler
                0x08002120                USBWakeUp_IRQHandler
                0x08002120                WWDG_IRQHandler
                0x08002120                ADC1_2_IRQHandler
                0x08002120                DMA1_Channel5_IRQHandler
                0x08002120                RCC_IRQHandler
                0x08002120                I2C1_ER_IRQHandler
                0x08002120                RTC_IRQHandler
                0x08002120                DMA1_Channel6_IRQHandler
                0x08002120                DMA1_Channel2_IRQHandler
                0x08002120                I2C2_EV_IRQHandler
                0x08002120                TIM3_IRQHandler
                0x08002120                DMA1_Channel7_IRQHandler
                0x08002120                USB_LP_CAN1_RX0_IRQHandler
                0x08002120                USART2_IRQHandler
                0x08002120                FLASH_IRQHandler
                0x08002120                EXTI15_10_IRQHandler
                0x08002120                TIM1_BRK_IRQHandler
                0x08002120                USART1_IRQHandler
                0x08002120                TAMPER_IRQHandler
                0x08002120                TIM2_IRQHandler
                0x08002120                CAN1_SCE_IRQHandler
                0x08002120                Default_Handler
                0x08002120                EXTI2_IRQHandler
                0x08002120                DMA1_Channel3_IRQHandler
                0x08002120                USART3_IRQHandler
                0x08002120                EXTI3_IRQHandler
                0x08002120                I2C2_ER_IRQHandler
                0x08002120                TIM1_TRG_COM_IRQHandler
                0x08002120                I2C1_EV_IRQHandler
                0x08002120                TIM1_CC_IRQHandler
                0x08002120                EXTI0_IRQHandler
                0x08002120                RTC_Alarm_IRQHandler
                0x08002120                EXTI4_IRQHandler
                0x08002120                CAN1_RX1_IRQHandler
                0x08002120                USB_HP_CAN1_TX_IRQHandler
 *fill*         0x08002122        0x2 
 .text.HAL_InitTick
                0x08002124       0x48 ./Drivers/STM32F1xx_HAL_Driver/Src/stm32f1xx_hal.o
                0x08002124                HAL_InitTick
 .text.HAL_Init
                0x0800216c       0x24 ./Drivers/STM32F1xx_HAL_Driver/Src/stm32f1xx_hal.o
                0x0800216c                HAL_Init
 .text.HAL_IncTick
                0x08002190       0x18 ./Drivers/STM32F1xx_HAL_Driver/Src/stm32f1xx_hal.o
                0x08002190                HAL_IncTick
 .text.HAL_GetTick
                0x080021a8        0xc ./Drivers/STM32F1xx_HAL_Driver/Src/stm32f1xx_hal.o
                0x080021a8                HAL_GetTick
 .text.HAL_Delay
                0x080021b4       0x24 ./Drivers/STM32F1xx_HAL_Driver/Src/stm32f1xx_hal.o
                0x080021b4                HAL_Delay
 .text.ADC_DMAConvCplt
                0x080021d8       0x4e ./Drivers/STM32F1xx_HAL_Driver/Src/stm32f1xx_hal_adc.o
                0x080021d8                ADC_DMAConvCplt
 .text.HAL_ADC_ConvHalfCpltCallback
                0x08002226        0x2 ./Drivers/STM32F1xx_HAL_Driver/Src/stm32f1xx_hal_adc.o
                0x08002226                HAL_ADC_ConvHalfCpltCallback
 .text.ADC_DMAHalfConvCplt
                0x08002228        0xa ./Drivers/STM32F1xx_HAL_Driver/Src/stm32f1xx_hal_adc.o
                0x08002228                ADC_DMAHalfConvCplt
 .text.HAL_ADC_ErrorCallback
                0x08002232        0x2 ./Drivers/STM32F1xx_HAL_Driver/Src/stm32f1xx_hal_adc.o
                0x08002232                HAL_ADC_ErrorCallback
 .text.ADC_DMAError
                0x08002234       0x1a ./Drivers/STM32F1xx_HAL_Driver/Src/stm32f1xx_hal_adc.o
                0x08002234                ADC_DMAError
 *fill*         0x0800224e        0x2 
 .text.HAL_ADC_ConfigChannel
                0x08002250       0xfc ./Drivers/STM32F1xx_HAL_Driver/Src/stm32f1xx_hal_adc.o
                0x08002250                HAL_ADC_ConfigChannel
 .text.ADC_Enable
                0x0800234c       0x78 ./Drivers/STM32F1xx_HAL_Driver/Src/stm32f1xx_hal_adc.o
                0x0800234c                ADC_Enable
 .text.HAL_ADC_Start_DMA
                0x080023c4      0x11c ./Drivers/STM32F1xx_HAL_Driver/Src/stm32f1xx_hal_adc.o
                0x080023c4                HAL_ADC_Start_DMA
 .text.ADC_ConversionStop_Disable
                0x080024e0       0x4c ./Drivers/STM32F1xx_HAL_Driver/Src/stm32f1xx_hal_adc.o
                0x080024e0                ADC_ConversionStop_Disable
 .text.HAL_ADC_Init
                0x0800252c       0xfc ./Drivers/STM32F1xx_HAL_Driver/Src/stm32f1xx_hal_adc.o
                0x0800252c                HAL_ADC_Init
 .text.HAL_ADCEx_Calibration_Start
                0x08002628       0xe0 ./Drivers/STM32F1xx_HAL_Driver/Src/stm32f1xx_hal_adc_ex.o
                0x08002628                HAL_ADCEx_Calibration_Start
 .text.HAL_NVIC_SetPriorityGrouping
                0x08002708       0x24 ./Drivers/STM32F1xx_HAL_Driver/Src/stm32f1xx_hal_cortex.o
                0x08002708                HAL_NVIC_SetPriorityGrouping
 .text.HAL_NVIC_SetPriority
                0x0800272c       0x60 ./Drivers/STM32F1xx_HAL_Driver/Src/stm32f1xx_hal_cortex.o
                0x0800272c                HAL_NVIC_SetPriority
 .text.HAL_NVIC_EnableIRQ
                0x0800278c       0x1c ./Drivers/STM32F1xx_HAL_Driver/Src/stm32f1xx_hal_cortex.o
                0x0800278c                HAL_NVIC_EnableIRQ
 .text.HAL_SYSTICK_Config
                0x080027a8       0x28 ./Drivers/STM32F1xx_HAL_Driver/Src/stm32f1xx_hal_cortex.o
                0x080027a8                HAL_SYSTICK_Config
 .text.HAL_DMA_Init
                0x080027d0       0x60 ./Drivers/STM32F1xx_HAL_Driver/Src/stm32f1xx_hal_dma.o
                0x080027d0                HAL_DMA_Init
 .text.HAL_DMA_Start_IT
                0x08002830       0x78 ./Drivers/STM32F1xx_HAL_Driver/Src/stm32f1xx_hal_dma.o
                0x08002830                HAL_DMA_Start_IT
 .text.HAL_DMA_IRQHandler
                0x080028a8      0x128 ./Drivers/STM32F1xx_HAL_Driver/Src/stm32f1xx_hal_dma.o
                0x080028a8                HAL_DMA_IRQHandler
 .text.HAL_GPIO_Init
                0x080029d0      0x1a8 ./Drivers/STM32F1xx_HAL_Driver/Src/stm32f1xx_hal_gpio.o
                0x080029d0                HAL_GPIO_Init
 .text.HAL_GPIO_WritePin
                0x08002b78        0xa ./Drivers/STM32F1xx_HAL_Driver/Src/stm32f1xx_hal_gpio.o
                0x08002b78                HAL_GPIO_WritePin
 .text.HAL_GPIO_TogglePin
                0x08002b82       0x12 ./Drivers/STM32F1xx_HAL_Driver/Src/stm32f1xx_hal_gpio.o
                0x08002b82                HAL_GPIO_TogglePin
 .text.I2C_IsAcknowledgeFailed
                0x08002b94       0x32 ./Drivers/STM32F1xx_HAL_Driver/Src/stm32f1xx_hal_i2c.o
 .text.I2C_WaitOnFlagUntilTimeout
                0x08002bc6       0x80 ./Drivers/STM32F1xx_HAL_Driver/Src/stm32f1xx_hal_i2c.o
 .text.I2C_WaitOnMasterAddressFlagUntilTimeout
                0x08002c46       0x84 ./Drivers/STM32F1xx_HAL_Driver/Src/stm32f1xx_hal_i2c.o
 .text.I2C_WaitOnTXEFlagUntilTimeout
                0x08002cca       0x54 ./Drivers/STM32F1xx_HAL_Driver/Src/stm32f1xx_hal_i2c.o
 .text.I2C_WaitOnBTFFlagUntilTimeout
                0x08002d1e       0x54 ./Drivers/STM32F1xx_HAL_Driver/Src/stm32f1xx_hal_i2c.o
 *fill*         0x08002d72        0x2 
 .text.HAL_I2C_Init
                0x08002d74      0x150 ./Drivers/STM32F1xx_HAL_Driver/Src/stm32f1xx_hal_i2c.o
                0x08002d74                HAL_I2C_Init
 .text.HAL_I2C_Master_Transmit
                0x08002ec4      0x1b4 ./Drivers/STM32F1xx_HAL_Driver/Src/stm32f1xx_hal_i2c.o
                0x08002ec4                HAL_I2C_Master_Transmit
 .text.HAL_RCC_OscConfig
                0x08003078      0x338 ./Drivers/STM32F1xx_HAL_Driver/Src/stm32f1xx_hal_rcc.o
                0x08003078                HAL_RCC_OscConfig
 .text.HAL_RCC_GetSysClockFreq
                0x080033b0       0x4c ./Drivers/STM32F1xx_HAL_Driver/Src/stm32f1xx_hal_rcc.o
                0x080033b0                HAL_RCC_GetSysClockFreq
 .text.HAL_RCC_ClockConfig
                0x080033fc      0x138 ./Drivers/STM32F1xx_HAL_Driver/Src/stm32f1xx_hal_rcc.o
                0x080033fc                HAL_RCC_ClockConfig
 .text.HAL_RCC_GetPCLK1Freq
                0x08003534       0x20 ./Drivers/STM32F1xx_HAL_Driver/Src/stm32f1xx_hal_rcc.o
                0x08003534                HAL_RCC_GetPCLK1Freq
 .text.HAL_RCC_GetPCLK2Freq
                0x08003554       0x20 ./Drivers/STM32F1xx_HAL_Driver/Src/stm32f1xx_hal_rcc.o
                0x08003554                HAL_RCC_GetPCLK2Freq
 .text.HAL_RCCEx_PeriphCLKConfig
                0x08003574       0xf4 ./Drivers/STM32F1xx_HAL_Driver/Src/stm32f1xx_hal_rcc_ex.o
                0x08003574                HAL_RCCEx_PeriphCLKConfig
 .text.HAL_RCCEx_GetPeriphCLKFreq
                0x08003668       0xbc ./Drivers/STM32F1xx_HAL_Driver/Src/stm32f1xx_hal_rcc_ex.o
                0x08003668                HAL_RCCEx_GetPeriphCLKFreq
 .text.TIM_OC1_SetConfig
                0x08003724       0x50 ./Drivers/STM32F1xx_HAL_Driver/Src/stm32f1xx_hal_tim.o
 .text.TIM_OC3_SetConfig
                0x08003774       0x54 ./Drivers/STM32F1xx_HAL_Driver/Src/stm32f1xx_hal_tim.o
 .text.TIM_OC4_SetConfig
                0x080037c8       0x44 ./Drivers/STM32F1xx_HAL_Driver/Src/stm32f1xx_hal_tim.o
 .text.HAL_TIM_Base_Start_IT
                0x0800380c       0x54 ./Drivers/STM32F1xx_HAL_Driver/Src/stm32f1xx_hal_tim.o
                0x0800380c                HAL_TIM_Base_Start_IT
 .text.HAL_TIM_OC_DelayElapsedCallback
                0x08003860        0x2 ./Drivers/STM32F1xx_HAL_Driver/Src/stm32f1xx_hal_tim.o
                0x08003860                HAL_TIM_OC_DelayElapsedCallback
 .text.HAL_TIM_IC_CaptureCallback
                0x08003862        0x2 ./Drivers/STM32F1xx_HAL_Driver/Src/stm32f1xx_hal_tim.o
                0x08003862                HAL_TIM_IC_CaptureCallback
 .text.HAL_TIM_PWM_PulseFinishedCallback
                0x08003864        0x2 ./Drivers/STM32F1xx_HAL_Driver/Src/stm32f1xx_hal_tim.o
                0x08003864                HAL_TIM_PWM_PulseFinishedCallback
 .text.HAL_TIM_TriggerCallback
                0x08003866        0x2 ./Drivers/STM32F1xx_HAL_Driver/Src/stm32f1xx_hal_tim.o
                0x08003866                HAL_TIM_TriggerCallback
 .text.HAL_TIM_IRQHandler
                0x08003868      0x128 ./Drivers/STM32F1xx_HAL_Driver/Src/stm32f1xx_hal_tim.o
                0x08003868                HAL_TIM_IRQHandler
 .text.TIM_Base_SetConfig
                0x08003990       0x64 ./Drivers/STM32F1xx_HAL_Driver/Src/stm32f1xx_hal_tim.o
                0x08003990                TIM_Base_SetConfig
 .text.HAL_TIM_Base_Init
                0x080039f4       0x58 ./Drivers/STM32F1xx_HAL_Driver/Src/stm32f1xx_hal_tim.o
                0x080039f4                HAL_TIM_Base_Init
 .text.HAL_TIM_PWM_Init
                0x08003a4c       0x58 ./Drivers/STM32F1xx_HAL_Driver/Src/stm32f1xx_hal_tim.o
                0x08003a4c                HAL_TIM_PWM_Init
 .text.TIM_OC2_SetConfig
                0x08003aa4       0x58 ./Drivers/STM32F1xx_HAL_Driver/Src/stm32f1xx_hal_tim.o
                0x08003aa4                TIM_OC2_SetConfig
 .text.HAL_TIM_PWM_ConfigChannel
                0x08003afc       0xb0 ./Drivers/STM32F1xx_HAL_Driver/Src/stm32f1xx_hal_tim.o
                0x08003afc                HAL_TIM_PWM_ConfigChannel
 .text.TIM_ETR_SetConfig
                0x08003bac       0x14 ./Drivers/STM32F1xx_HAL_Driver/Src/stm32f1xx_hal_tim.o
                0x08003bac                TIM_ETR_SetConfig
 .text.HAL_TIM_ConfigClockSource
                0x08003bc0      0x132 ./Drivers/STM32F1xx_HAL_Driver/Src/stm32f1xx_hal_tim.o
                0x08003bc0                HAL_TIM_ConfigClockSource
 .text.TIM_CCxChannelCmd
                0x08003cf2       0x1c ./Drivers/STM32F1xx_HAL_Driver/Src/stm32f1xx_hal_tim.o
                0x08003cf2                TIM_CCxChannelCmd
 *fill*         0x08003d0e        0x2 
 .text.HAL_TIM_OC_Start
                0x08003d10       0x9c ./Drivers/STM32F1xx_HAL_Driver/Src/stm32f1xx_hal_tim.o
                0x08003d10                HAL_TIM_OC_Start
 .text.HAL_TIM_PWM_Start
                0x08003dac        0x4 ./Drivers/STM32F1xx_HAL_Driver/Src/stm32f1xx_hal_tim.o
                0x08003dac                HAL_TIM_PWM_Start
 .text.HAL_TIMEx_MasterConfigSynchronization
                0x08003db0       0x5c ./Drivers/STM32F1xx_HAL_Driver/Src/stm32f1xx_hal_tim_ex.o
                0x08003db0                HAL_TIMEx_MasterConfigSynchronization
 .text.HAL_TIMEx_ConfigBreakDeadTime
                0x08003e0c       0x4c ./Drivers/STM32F1xx_HAL_Driver/Src/stm32f1xx_hal_tim_ex.o
                0x08003e0c                HAL_TIMEx_ConfigBreakDeadTime
 .text.HAL_TIMEx_CommutCallback
                0x08003e58        0x2 ./Drivers/STM32F1xx_HAL_Driver/Src/stm32f1xx_hal_tim_ex.o
                0x08003e58                HAL_TIMEx_CommutCallback
 .text.HAL_TIMEx_BreakCallback
                0x08003e5a        0x2 ./Drivers/STM32F1xx_HAL_Driver/Src/stm32f1xx_hal_tim_ex.o
                0x08003e5a                HAL_TIMEx_BreakCallback
 .text.u8g2_DrawHXBM
                0x08003e5c       0xbc ./Drivers/csrc/u8g2_bitmap.o
                0x08003e5c                u8g2_DrawHXBM
 .text.u8g2_DrawXBM
                0x08003f18       0x4e ./Drivers/csrc/u8g2_bitmap.o
                0x08003f18                u8g2_DrawXBM
 .text.u8g2_DrawFrame
                0x08003f66       0x8c ./Drivers/csrc/u8g2_box.o
                0x08003f66                u8g2_DrawFrame
 .text.u8g2_send_buffer
                0x08003ff2       0x4e ./Drivers/csrc/u8g2_buffer.o
 .text.u8g2_ClearBuffer
                0x08004040       0x14 ./Drivers/csrc/u8g2_buffer.o
                0x08004040                u8g2_ClearBuffer
 .text.u8g2_SendBuffer
                0x08004054       0x12 ./Drivers/csrc/u8g2_buffer.o
                0x08004054                u8g2_SendBuffer
 .text.u8g2_SetBufferCurrTileRow
                0x08004066       0x1a ./Drivers/csrc/u8g2_buffer.o
                0x08004066                u8g2_SetBufferCurrTileRow
 .text.u8g2_FirstPage
                0x08004080       0x1a ./Drivers/csrc/u8g2_buffer.o
                0x08004080                u8g2_FirstPage
 .text.u8g2_NextPage
                0x0800409a       0x3e ./Drivers/csrc/u8g2_buffer.o
                0x0800409a                u8g2_NextPage
 .text.u8g2_ClearDisplay
                0x080040d8       0x1e ./Drivers/csrc/u8g2_cleardisplay.o
                0x080040d8                u8g2_ClearDisplay
 *fill*         0x080040f6        0x2 
 .text.u8g2_m_16_8_f
                0x080040f8        0xc ./Drivers/csrc/u8g2_d_memory.o
                0x080040f8                u8g2_m_16_8_f
 .text.u8g2_Setup_ssd1309_i2c_128x64_noname0_f
                0x08004104       0x3c ./Drivers/csrc/u8g2_d_setup.o
                0x08004104                u8g2_Setup_ssd1309_i2c_128x64_noname0_f
 .text.u8g2_font_get_word
                0x08004140        0x8 ./Drivers/csrc/u8g2_font.o
 .text.u8g2_font_calc_vref_font
                0x08004148        0x4 ./Drivers/csrc/u8g2_font.o
                0x08004148                u8g2_font_calc_vref_font
 .text.u8g2_read_font_info
                0x0800414c       0x6a ./Drivers/csrc/u8g2_font.o
                0x0800414c                u8g2_read_font_info
 .text.u8g2_font_decode_get_unsigned_bits
                0x080041b6       0x3c ./Drivers/csrc/u8g2_font.o
                0x080041b6                u8g2_font_decode_get_unsigned_bits
 .text.u8g2_font_setup_decode
                0x080041f2       0x40 ./Drivers/csrc/u8g2_font.o
 .text.u8g2_font_decode_get_signed_bits
                0x08004232       0x14 ./Drivers/csrc/u8g2_font.o
                0x08004232                u8g2_font_decode_get_signed_bits
 .text.u8g2_add_vector_y
                0x08004246       0x1c ./Drivers/csrc/u8g2_font.o
                0x08004246                u8g2_add_vector_y
 .text.u8g2_add_vector_x
                0x08004262       0x1c ./Drivers/csrc/u8g2_font.o
                0x08004262                u8g2_add_vector_x
 .text.u8g2_font_decode_len
                0x0800427e       0x96 ./Drivers/csrc/u8g2_font.o
                0x0800427e                u8g2_font_decode_len
 .text.u8g2_font_decode_glyph
                0x08004314      0x120 ./Drivers/csrc/u8g2_font.o
                0x08004314                u8g2_font_decode_glyph
 .text.u8g2_font_get_glyph_data
                0x08004434       0x6e ./Drivers/csrc/u8g2_font.o
                0x08004434                u8g2_font_get_glyph_data
 .text.u8g2_SetFontMode
                0x080044a2        0x6 ./Drivers/csrc/u8g2_font.o
                0x080044a2                u8g2_SetFontMode
 .text.u8g2_DrawGlyph
                0x080044a8       0x5a ./Drivers/csrc/u8g2_font.o
                0x080044a8                u8g2_DrawGlyph
 .text.u8g2_draw_string
                0x08004502       0x6c ./Drivers/csrc/u8g2_font.o
 *fill*         0x0800456e        0x2 
 .text.u8g2_DrawStr
                0x08004570       0x10 ./Drivers/csrc/u8g2_font.o
                0x08004570                u8g2_DrawStr
 .text.u8g2_UpdateRefHeight
                0x08004580       0x58 ./Drivers/csrc/u8g2_font.o
                0x08004580                u8g2_UpdateRefHeight
 .text.u8g2_SetFontPosBaseline
                0x080045d8        0xc ./Drivers/csrc/u8g2_font.o
                0x080045d8                u8g2_SetFontPosBaseline
 .text.u8g2_SetFont
                0x080045e4       0x1e ./Drivers/csrc/u8g2_font.o
                0x080045e4                u8g2_SetFont
 .text.u8g2_draw_hv_line_2dir
                0x08004602       0x16 ./Drivers/csrc/u8g2_hvline.o
                0x08004602                u8g2_draw_hv_line_2dir
 .text.u8g2_DrawHVLine
                0x08004618       0xd4 ./Drivers/csrc/u8g2_hvline.o
                0x08004618                u8g2_DrawHVLine
 .text.u8g2_DrawPixel
                0x080046ec       0x30 ./Drivers/csrc/u8g2_hvline.o
                0x080046ec                u8g2_DrawPixel
 .text.u8g2_is_intersection_decision_tree
                0x0800471c       0x1e ./Drivers/csrc/u8g2_intersection.o
                0x0800471c                u8g2_is_intersection_decision_tree
 .text.u8g2_IsIntersection
                0x0800473a       0x30 ./Drivers/csrc/u8g2_intersection.o
                0x0800473a                u8g2_IsIntersection
 .text.u8g2_DrawLine
                0x0800476a       0xca ./Drivers/csrc/u8g2_line.o
                0x0800476a                u8g2_DrawLine
 .text.u8g2_ll_hvline_vertical_top_lsb
                0x08004834       0x8a ./Drivers/csrc/u8g2_ll_hvline.o
                0x08004834                u8g2_ll_hvline_vertical_top_lsb
 .text.u8g2_update_dimension_common
                0x080048be       0x40 ./Drivers/csrc/u8g2_setup.o
 .text.u8g2_update_dimension_r0
                0x080048fe        0x4 ./Drivers/csrc/u8g2_setup.o
                0x080048fe                u8g2_update_dimension_r0
 .text.u8g2_draw_l90_r0
                0x08004902        0xe ./Drivers/csrc/u8g2_setup.o
                0x08004902                u8g2_draw_l90_r0
 .text.u8g2_apply_clip_window
                0x08004910       0x6c ./Drivers/csrc/u8g2_setup.o
 .text.u8g2_update_page_win_r0
                0x0800497c       0x16 ./Drivers/csrc/u8g2_setup.o
                0x0800497c                u8g2_update_page_win_r0
 *fill*         0x08004992        0x2 
 .text.u8g2_SetMaxClipWindow
                0x08004994       0x10 ./Drivers/csrc/u8g2_setup.o
                0x08004994                u8g2_SetMaxClipWindow
 .text.u8g2_SetupBuffer
                0x080049a4       0x42 ./Drivers/csrc/u8g2_setup.o
                0x080049a4                u8g2_SetupBuffer
 .text.u8x8_ascii_next
                0x080049e6       0x10 ./Drivers/csrc/u8x8_8x8.o
                0x080049e6                u8x8_ascii_next
 .text.u8x8_utf8_init
                0x080049f6        0x8 ./Drivers/csrc/u8x8_8x8.o
                0x080049f6                u8x8_utf8_init
 .text.u8x8_byte_SendBytes
                0x080049fe       0x10 ./Drivers/csrc/u8x8_byte.o
                0x080049fe                u8x8_byte_SendBytes
 .text.u8x8_byte_SendByte
                0x08004a0e       0x16 ./Drivers/csrc/u8x8_byte.o
                0x08004a0e                u8x8_byte_SendByte
 .text.u8x8_byte_StartTransfer
                0x08004a24       0x10 ./Drivers/csrc/u8x8_byte.o
                0x08004a24                u8x8_byte_StartTransfer
 .text.u8x8_byte_EndTransfer
                0x08004a34       0x10 ./Drivers/csrc/u8x8_byte.o
                0x08004a34                u8x8_byte_EndTransfer
 .text.u8x8_i2c_data_transfer
                0x08004a44       0x2a ./Drivers/csrc/u8x8_cad.o
 .text.u8x8_cad_SendCmd
                0x08004a6e       0x10 ./Drivers/csrc/u8x8_cad.o
                0x08004a6e                u8x8_cad_SendCmd
 .text.u8x8_cad_SendArg
                0x08004a7e       0x10 ./Drivers/csrc/u8x8_cad.o
                0x08004a7e                u8x8_cad_SendArg
 .text.u8x8_cad_SendData
                0x08004a8e       0x10 ./Drivers/csrc/u8x8_cad.o
                0x08004a8e                u8x8_cad_SendData
 .text.u8x8_cad_StartTransfer
                0x08004a9e       0x10 ./Drivers/csrc/u8x8_cad.o
                0x08004a9e                u8x8_cad_StartTransfer
 .text.u8x8_cad_EndTransfer
                0x08004aae       0x10 ./Drivers/csrc/u8x8_cad.o
                0x08004aae                u8x8_cad_EndTransfer
 .text.u8x8_cad_SendSequence
                0x08004abe       0x62 ./Drivers/csrc/u8x8_cad.o
                0x08004abe                u8x8_cad_SendSequence
 .text.u8x8_cad_ssd13xx_i2c
                0x08004b20       0x78 ./Drivers/csrc/u8x8_cad.o
                0x08004b20                u8x8_cad_ssd13xx_i2c
 .text.u8x8_d_ssd1309_generic
                0x08004b98       0x9c ./Drivers/csrc/u8x8_d_ssd1309.o
 .text.u8x8_d_ssd1309_128x64_noname0
                0x08004c34       0x6c ./Drivers/csrc/u8x8_d_ssd1309.o
                0x08004c34                u8x8_d_ssd1309_128x64_noname0
 .text.u8x8_d_helper_display_setup_memory
                0x08004ca0        0xa ./Drivers/csrc/u8x8_display.o
                0x08004ca0                u8x8_d_helper_display_setup_memory
 .text.u8x8_d_helper_display_init
                0x08004caa       0x60 ./Drivers/csrc/u8x8_display.o
                0x08004caa                u8x8_d_helper_display_init
 .text.u8x8_DrawTile
                0x08004d0a       0x20 ./Drivers/csrc/u8x8_display.o
                0x08004d0a                u8x8_DrawTile
 .text.u8x8_SetupMemory
                0x08004d2a       0x10 ./Drivers/csrc/u8x8_display.o
                0x08004d2a                u8x8_SetupMemory
 .text.u8x8_InitDisplay
                0x08004d3a       0x10 ./Drivers/csrc/u8x8_display.o
                0x08004d3a                u8x8_InitDisplay
 .text.u8x8_SetPowerSave
                0x08004d4a       0x10 ./Drivers/csrc/u8x8_display.o
                0x08004d4a                u8x8_SetPowerSave
 .text.u8x8_RefreshDisplay
                0x08004d5a       0x10 ./Drivers/csrc/u8x8_display.o
                0x08004d5a                u8x8_RefreshDisplay
 .text.u8x8_gpio_call
                0x08004d6a        0xc ./Drivers/csrc/u8x8_gpio.o
                0x08004d6a                u8x8_gpio_call
 .text.u8x8_dummy_cb
                0x08004d76        0x4 ./Drivers/csrc/u8x8_setup.o
                0x08004d76                u8x8_dummy_cb
 *fill*         0x08004d7a        0x2 
 .text.u8x8_SetupDefaults
                0x08004d7c       0x28 ./Drivers/csrc/u8x8_setup.o
                0x08004d7c                u8x8_SetupDefaults
 .text.u8x8_Setup
                0x08004da4       0x1c ./Drivers/csrc/u8x8_setup.o
                0x08004da4                u8x8_Setup
 .text.sprintf  0x08004dc0       0x44 C:/ST/STM32CubeIDE_1.11.0/STM32CubeIDE/plugins/com.st.stm32cube.ide.mcu.externaltools.gnu-tools-for-stm32.13.3.rel1.win32_1.0.0.202411081344/tools/bin/../lib/gcc/arm-none-eabi/13.3.1/../../../../arm-none-eabi/lib/thumb/v7-m/nofp\libc_nano.a(libc_a-sprintf.o)
                0x08004dc0                sprintf
                0x08004dc0                siprintf
 .text.memmove  0x08004e04       0x34 C:/ST/STM32CubeIDE_1.11.0/STM32CubeIDE/plugins/com.st.stm32cube.ide.mcu.externaltools.gnu-tools-for-stm32.13.3.rel1.win32_1.0.0.202411081344/tools/bin/../lib/gcc/arm-none-eabi/13.3.1/../../../../arm-none-eabi/lib/thumb/v7-m/nofp\libc_nano.a(libc_a-memmove.o)
                0x08004e04                memmove
 .text.memset   0x08004e38       0x10 C:/ST/STM32CubeIDE_1.11.0/STM32CubeIDE/plugins/com.st.stm32cube.ide.mcu.externaltools.gnu-tools-for-stm32.13.3.rel1.win32_1.0.0.202411081344/tools/bin/../lib/gcc/arm-none-eabi/13.3.1/../../../../arm-none-eabi/lib/thumb/v7-m/nofp\libc_nano.a(libc_a-memset.o)
                0x08004e38                memset
 .text.__errno  0x08004e48        0xc C:/ST/STM32CubeIDE_1.11.0/STM32CubeIDE/plugins/com.st.stm32cube.ide.mcu.externaltools.gnu-tools-for-stm32.13.3.rel1.win32_1.0.0.202411081344/tools/bin/../lib/gcc/arm-none-eabi/13.3.1/../../../../arm-none-eabi/lib/thumb/v7-m/nofp\libc_nano.a(libc_a-errno.o)
                0x08004e48                __errno
 .text.__libc_init_array
                0x08004e54       0x48 C:/ST/STM32CubeIDE_1.11.0/STM32CubeIDE/plugins/com.st.stm32cube.ide.mcu.externaltools.gnu-tools-for-stm32.13.3.rel1.win32_1.0.0.202411081344/tools/bin/../lib/gcc/arm-none-eabi/13.3.1/../../../../arm-none-eabi/lib/thumb/v7-m/nofp\libc_nano.a(libc_a-init.o)
                0x08004e54                __libc_init_array
 .text.__retarget_lock_acquire_recursive
                0x08004e9c        0x2 C:/ST/STM32CubeIDE_1.11.0/STM32CubeIDE/plugins/com.st.stm32cube.ide.mcu.externaltools.gnu-tools-for-stm32.13.3.rel1.win32_1.0.0.202411081344/tools/bin/../lib/gcc/arm-none-eabi/13.3.1/../../../../arm-none-eabi/lib/thumb/v7-m/nofp\libc_nano.a(libc_a-lock.o)
                0x08004e9c                __retarget_lock_acquire_recursive
 .text.__retarget_lock_release_recursive
                0x08004e9e        0x2 C:/ST/STM32CubeIDE_1.11.0/STM32CubeIDE/plugins/com.st.stm32cube.ide.mcu.externaltools.gnu-tools-for-stm32.13.3.rel1.win32_1.0.0.202411081344/tools/bin/../lib/gcc/arm-none-eabi/13.3.1/../../../../arm-none-eabi/lib/thumb/v7-m/nofp\libc_nano.a(libc_a-lock.o)
                0x08004e9e                __retarget_lock_release_recursive
 .text.memcpy   0x08004ea0       0x1c C:/ST/STM32CubeIDE_1.11.0/STM32CubeIDE/plugins/com.st.stm32cube.ide.mcu.externaltools.gnu-tools-for-stm32.13.3.rel1.win32_1.0.0.202411081344/tools/bin/../lib/gcc/arm-none-eabi/13.3.1/../../../../arm-none-eabi/lib/thumb/v7-m/nofp\libc_nano.a(libc_a-memcpy-stub.o)
                0x08004ea0                memcpy
 .text._free_r  0x08004ebc       0x90 C:/ST/STM32CubeIDE_1.11.0/STM32CubeIDE/plugins/com.st.stm32cube.ide.mcu.externaltools.gnu-tools-for-stm32.13.3.rel1.win32_1.0.0.202411081344/tools/bin/../lib/gcc/arm-none-eabi/13.3.1/../../../../arm-none-eabi/lib/thumb/v7-m/nofp\libc_nano.a(libc_a-freer.o)
                0x08004ebc                _free_r
 .text.sbrk_aligned
                0x08004f4c       0x44 C:/ST/STM32CubeIDE_1.11.0/STM32CubeIDE/plugins/com.st.stm32cube.ide.mcu.externaltools.gnu-tools-for-stm32.13.3.rel1.win32_1.0.0.202411081344/tools/bin/../lib/gcc/arm-none-eabi/13.3.1/../../../../arm-none-eabi/lib/thumb/v7-m/nofp\libc_nano.a(libc_a-mallocr.o)
 .text._malloc_r
                0x08004f90      0x100 C:/ST/STM32CubeIDE_1.11.0/STM32CubeIDE/plugins/com.st.stm32cube.ide.mcu.externaltools.gnu-tools-for-stm32.13.3.rel1.win32_1.0.0.202411081344/tools/bin/../lib/gcc/arm-none-eabi/13.3.1/../../../../arm-none-eabi/lib/thumb/v7-m/nofp\libc_nano.a(libc_a-mallocr.o)
                0x08004f90                _malloc_r
 .text.__malloc_lock
                0x08005090        0xc C:/ST/STM32CubeIDE_1.11.0/STM32CubeIDE/plugins/com.st.stm32cube.ide.mcu.externaltools.gnu-tools-for-stm32.13.3.rel1.win32_1.0.0.202411081344/tools/bin/../lib/gcc/arm-none-eabi/13.3.1/../../../../arm-none-eabi/lib/thumb/v7-m/nofp\libc_nano.a(libc_a-mlock.o)
                0x08005090                __malloc_lock
 .text.__malloc_unlock
                0x0800509c        0xc C:/ST/STM32CubeIDE_1.11.0/STM32CubeIDE/plugins/com.st.stm32cube.ide.mcu.externaltools.gnu-tools-for-stm32.13.3.rel1.win32_1.0.0.202411081344/tools/bin/../lib/gcc/arm-none-eabi/13.3.1/../../../../arm-none-eabi/lib/thumb/v7-m/nofp\libc_nano.a(libc_a-mlock.o)
                0x0800509c                __malloc_unlock
 .text.__ssputs_r
                0x080050a8       0xb6 C:/ST/STM32CubeIDE_1.11.0/STM32CubeIDE/plugins/com.st.stm32cube.ide.mcu.externaltools.gnu-tools-for-stm32.13.3.rel1.win32_1.0.0.202411081344/tools/bin/../lib/gcc/arm-none-eabi/13.3.1/../../../../arm-none-eabi/lib/thumb/v7-m/nofp\libc_nano.a(libc_a-nano-svfprintf.o)
                0x080050a8                __ssputs_r
 *fill*         0x0800515e        0x2 
 .text._svfprintf_r
                0x08005160      0x1f8 C:/ST/STM32CubeIDE_1.11.0/STM32CubeIDE/plugins/com.st.stm32cube.ide.mcu.externaltools.gnu-tools-for-stm32.13.3.rel1.win32_1.0.0.202411081344/tools/bin/../lib/gcc/arm-none-eabi/13.3.1/../../../../arm-none-eabi/lib/thumb/v7-m/nofp\libc_nano.a(libc_a-nano-svfprintf.o)
                0x08005160                _svfiprintf_r
                0x08005160                _svfprintf_r
 .text._printf_common
                0x08005358       0xe4 C:/ST/STM32CubeIDE_1.11.0/STM32CubeIDE/plugins/com.st.stm32cube.ide.mcu.externaltools.gnu-tools-for-stm32.13.3.rel1.win32_1.0.0.202411081344/tools/bin/../lib/gcc/arm-none-eabi/13.3.1/../../../../arm-none-eabi/lib/thumb/v7-m/nofp\libc_nano.a(libc_a-nano-vfprintf_i.o)
                0x08005358                _printf_common
 .text._printf_i
                0x0800543c      0x23c C:/ST/STM32CubeIDE_1.11.0/STM32CubeIDE/plugins/com.st.stm32cube.ide.mcu.externaltools.gnu-tools-for-stm32.13.3.rel1.win32_1.0.0.202411081344/tools/bin/../lib/gcc/arm-none-eabi/13.3.1/../../../../arm-none-eabi/lib/thumb/v7-m/nofp\libc_nano.a(libc_a-nano-vfprintf_i.o)
                0x0800543c                _printf_i
 .text._sbrk_r  0x08005678       0x20 C:/ST/STM32CubeIDE_1.11.0/STM32CubeIDE/plugins/com.st.stm32cube.ide.mcu.externaltools.gnu-tools-for-stm32.13.3.rel1.win32_1.0.0.202411081344/tools/bin/../lib/gcc/arm-none-eabi/13.3.1/../../../../arm-none-eabi/lib/thumb/v7-m/nofp\libc_nano.a(libc_a-sbrkr.o)
                0x08005678                _sbrk_r
 .text.memchr   0x08005698       0x1c C:/ST/STM32CubeIDE_1.11.0/STM32CubeIDE/plugins/com.st.stm32cube.ide.mcu.externaltools.gnu-tools-for-stm32.13.3.rel1.win32_1.0.0.202411081344/tools/bin/../lib/gcc/arm-none-eabi/13.3.1/../../../../arm-none-eabi/lib/thumb/v7-m/nofp\libc_nano.a(libc_a-memchr-stub.o)
                0x08005698                memchr
 .text._realloc_r
                0x080056b4       0x5c C:/ST/STM32CubeIDE_1.11.0/STM32CubeIDE/plugins/com.st.stm32cube.ide.mcu.externaltools.gnu-tools-for-stm32.13.3.rel1.win32_1.0.0.202411081344/tools/bin/../lib/gcc/arm-none-eabi/13.3.1/../../../../arm-none-eabi/lib/thumb/v7-m/nofp\libc_nano.a(libc_a-reallocr.o)
                0x080056b4                _realloc_r
 .text._malloc_usable_size_r
                0x08005710       0x10 C:/ST/STM32CubeIDE_1.11.0/STM32CubeIDE/plugins/com.st.stm32cube.ide.mcu.externaltools.gnu-tools-for-stm32.13.3.rel1.win32_1.0.0.202411081344/tools/bin/../lib/gcc/arm-none-eabi/13.3.1/../../../../arm-none-eabi/lib/thumb/v7-m/nofp\libc_nano.a(libc_a-msizer.o)
                0x08005710                _malloc_usable_size_r
 .text.log      0x08005720       0x64 C:/ST/STM32CubeIDE_1.11.0/STM32CubeIDE/plugins/com.st.stm32cube.ide.mcu.externaltools.gnu-tools-for-stm32.13.3.rel1.win32_1.0.0.202411081344/tools/bin/../lib/gcc/arm-none-eabi/13.3.1/../../../../arm-none-eabi/lib/thumb/v7-m/nofp\libm.a(libm_a-w_log.o)
                0x08005720                log
 .text.nan      0x08005784        0xc C:/ST/STM32CubeIDE_1.11.0/STM32CubeIDE/plugins/com.st.stm32cube.ide.mcu.externaltools.gnu-tools-for-stm32.13.3.rel1.win32_1.0.0.202411081344/tools/bin/../lib/gcc/arm-none-eabi/13.3.1/../../../../arm-none-eabi/lib/thumb/v7-m/nofp\libm.a(libm_a-s_nan.o)
                0x08005784                nan
 .text.__ieee754_log
                0x08005790      0x364 C:/ST/STM32CubeIDE_1.11.0/STM32CubeIDE/plugins/com.st.stm32cube.ide.mcu.externaltools.gnu-tools-for-stm32.13.3.rel1.win32_1.0.0.202411081344/tools/bin/../lib/gcc/arm-none-eabi/13.3.1/../../../../arm-none-eabi/lib/thumb/v7-m/nofp\libm.a(libm_a-e_log.o)
                0x08005790                __ieee754_log
 *(.glue_7)
 .glue_7        0x08005af4        0x0 linker stubs
 *(.glue_7t)
 .glue_7t       0x08005af4        0x0 linker stubs
 *(.eh_frame)
 .eh_frame      0x08005af4        0x0 C:/ST/STM32CubeIDE_1.11.0/STM32CubeIDE/plugins/com.st.stm32cube.ide.mcu.externaltools.gnu-tools-for-stm32.13.3.rel1.win32_1.0.0.202411081344/tools/bin/../lib/gcc/arm-none-eabi/13.3.1/thumb/v7-m/nofp/crtbegin.o
 *(.init)
 .init          0x08005af4        0x4 C:/ST/STM32CubeIDE_1.11.0/STM32CubeIDE/plugins/com.st.stm32cube.ide.mcu.externaltools.gnu-tools-for-stm32.13.3.rel1.win32_1.0.0.202411081344/tools/bin/../lib/gcc/arm-none-eabi/13.3.1/thumb/v7-m/nofp/crti.o
                0x08005af4                _init
 .init          0x08005af8        0x8 C:/ST/STM32CubeIDE_1.11.0/STM32CubeIDE/plugins/com.st.stm32cube.ide.mcu.externaltools.gnu-tools-for-stm32.13.3.rel1.win32_1.0.0.202411081344/tools/bin/../lib/gcc/arm-none-eabi/13.3.1/thumb/v7-m/nofp/crtn.o
 *(.fini)
 .fini          0x08005b00        0x4 C:/ST/STM32CubeIDE_1.11.0/STM32CubeIDE/plugins/com.st.stm32cube.ide.mcu.externaltools.gnu-tools-for-stm32.13.3.rel1.win32_1.0.0.202411081344/tools/bin/../lib/gcc/arm-none-eabi/13.3.1/thumb/v7-m/nofp/crti.o
                0x08005b00                _fini
 .fini          0x08005b04        0x8 C:/ST/STM32CubeIDE_1.11.0/STM32CubeIDE/plugins/com.st.stm32cube.ide.mcu.externaltools.gnu-tools-for-stm32.13.3.rel1.win32_1.0.0.202411081344/tools/bin/../lib/gcc/arm-none-eabi/13.3.1/thumb/v7-m/nofp/crtn.o
                0x08005b0c                        . = ALIGN (0x4)
                0x08005b0c                        _etext = .

.vfp11_veneer   0x08005b0c        0x0
 .vfp11_veneer  0x08005b0c        0x0 linker stubs

.v4_bx          0x08005b0c        0x0
 .v4_bx         0x08005b0c        0x0 linker stubs

.iplt           0x08005b0c        0x0
 .iplt          0x08005b0c        0x0 C:/ST/STM32CubeIDE_1.11.0/STM32CubeIDE/plugins/com.st.stm32cube.ide.mcu.externaltools.gnu-tools-for-stm32.13.3.rel1.win32_1.0.0.202411081344/tools/bin/../lib/gcc/arm-none-eabi/13.3.1/thumb/v7-m/nofp/crtbegin.o

.rodata         0x08005b0c     0x1460
                0x08005b0c                        . = ALIGN (0x4)
 *(.rodata)
 *(.rodata*)
 .rodata.lcd_init.str1.1
                0x08005b0c       0xb6 ./Core/Src/lcd_display.o
                                 0x3b (size before relaxing)
 .rodata.lcd_print_unit.str1.1
                0x08005bc2       0x2a ./Core/Src/lcd_display.o
 .rodata.lcd_main_display.str1.1
                0x08005bc2       0x1e ./Core/Src/lcd_display.o
 .rodata.image_hourglass2_bits
                0x08005bc2       0x48 ./Core/Src/lcd_display.o
 .rodata.BAT_CHAR
                0x08005c0a       0x18 ./Core/Src/lcd_display.o
 .rodata.MPPT_CHAR
                0x08005c22       0x18 ./Core/Src/lcd_display.o
 .rodata.PV_CHAR
                0x08005c3a       0x18 ./Core/Src/lcd_display.o
 .rodata.APBPrescTable
                0x08005c52        0x8 ./Core/Src/system_stm32f1xx.o
                0x08005c52                APBPrescTable
 .rodata.AHBPrescTable
                0x08005c5a       0x10 ./Core/Src/system_stm32f1xx.o
                0x08005c5a                AHBPrescTable
 .rodata.aPredivFactorTable.0
                0x08005c6a        0x2 ./Drivers/STM32F1xx_HAL_Driver/Src/stm32f1xx_hal_rcc.o
 .rodata.aPLLMULFactorTable.1
                0x08005c6c       0x10 ./Drivers/STM32F1xx_HAL_Driver/Src/stm32f1xx_hal_rcc.o
 .rodata.aPredivFactorTable.0
                0x08005c7c        0x2 ./Drivers/STM32F1xx_HAL_Driver/Src/stm32f1xx_hal_rcc_ex.o
 .rodata.aPLLMULFactorTable.1
                0x08005c7e       0x10 ./Drivers/STM32F1xx_HAL_Driver/Src/stm32f1xx_hal_rcc_ex.o
 .rodata.u8g2_font_haxrcorp4089_tr
                0x08005c8e      0x3a7 ./Drivers/csrc/u8g2_fonts.o
                0x08005c8e                u8g2_font_haxrcorp4089_tr
 .rodata.u8g2_font_6x13B_tr
                0x08006035      0x429 ./Drivers/csrc/u8g2_fonts.o
                0x08006035                u8g2_font_6x13B_tr
 .rodata.u8g2_font_6x10_tf
                0x0800645e      0x7d0 ./Drivers/csrc/u8g2_fonts.o
                0x0800645e                u8g2_font_6x10_tf
 .rodata.u8g2_font_4x6_tr
                0x08006c2e      0x2d3 ./Drivers/csrc/u8g2_fonts.o
                0x08006c2e                u8g2_font_4x6_tr
 *fill*         0x08006f01        0x3 
 .rodata.u8g2_cb_r0
                0x08006f04        0xc ./Drivers/csrc/u8g2_setup.o
                0x08006f04                u8g2_cb_r0
 .rodata.u8x8_ssd1309_128x64_noname0_display_info
                0x08006f10       0x18 ./Drivers/csrc/u8x8_d_ssd1309.o
 .rodata.u8x8_d_ssd1309_128x64_noname_init_seq
                0x08006f28       0x29 ./Drivers/csrc/u8x8_d_ssd1309.o
 .rodata.u8x8_d_ssd1309_flip1_seq
                0x08006f51        0x7 ./Drivers/csrc/u8x8_d_ssd1309.o
 .rodata.u8x8_d_ssd1309_flip0_seq
                0x08006f58        0x7 ./Drivers/csrc/u8x8_d_ssd1309.o
 .rodata.u8x8_d_ssd1309_powersave1_seq
                0x08006f5f        0x5 ./Drivers/csrc/u8x8_d_ssd1309.o
 .rodata.u8x8_d_ssd1309_powersave0_seq
                0x08006f64        0x5 ./Drivers/csrc/u8x8_d_ssd1309.o
 .rodata._svfprintf_r.str1.1
                0x08006f69       0x11 C:/ST/STM32CubeIDE_1.11.0/STM32CubeIDE/plugins/com.st.stm32cube.ide.mcu.externaltools.gnu-tools-for-stm32.13.3.rel1.win32_1.0.0.202411081344/tools/bin/../lib/gcc/arm-none-eabi/13.3.1/../../../../arm-none-eabi/lib/thumb/v7-m/nofp\libc_nano.a(libc_a-nano-svfprintf.o)
 .rodata._printf_i.str1.1
                0x08006f69       0x22 C:/ST/STM32CubeIDE_1.11.0/STM32CubeIDE/plugins/com.st.stm32cube.ide.mcu.externaltools.gnu-tools-for-stm32.13.3.rel1.win32_1.0.0.202411081344/tools/bin/../lib/gcc/arm-none-eabi/13.3.1/../../../../arm-none-eabi/lib/thumb/v7-m/nofp\libc_nano.a(libc_a-nano-vfprintf_i.o)
 .rodata.log.str1.1
                0x08006f69        0x1 C:/ST/STM32CubeIDE_1.11.0/STM32CubeIDE/plugins/com.st.stm32cube.ide.mcu.externaltools.gnu-tools-for-stm32.13.3.rel1.win32_1.0.0.202411081344/tools/bin/../lib/gcc/arm-none-eabi/13.3.1/../../../../arm-none-eabi/lib/thumb/v7-m/nofp\libm.a(libm_a-w_log.o)
                0x08006f8c                        . = ALIGN (0x4)
 *fill*         0x08006f69        0x3 

.ARM.extab      0x08006f6c        0x0
                0x08006f6c                        . = ALIGN (0x4)
 *(.ARM.extab* .gnu.linkonce.armextab.*)
                0x08006f6c                        . = ALIGN (0x4)

.ARM            0x08006f6c        0x0
                0x08006f6c                        . = ALIGN (0x4)
                0x08006f6c                        __exidx_start = .
 *(.ARM.exidx*)
                0x08006f6c                        __exidx_end = .
                0x08006f6c                        . = ALIGN (0x4)

.preinit_array  0x08006f6c        0x0
                0x08006f6c                        . = ALIGN (0x4)
                0x08006f6c                        PROVIDE (__preinit_array_start = .)
 *(.preinit_array*)
                0x08006f6c                        PROVIDE (__preinit_array_end = .)
                0x08006f6c                        . = ALIGN (0x4)

.init_array     0x08006f6c        0x4
                0x08006f6c                        . = ALIGN (0x4)
                0x08006f6c                        PROVIDE (__init_array_start = .)
 *(SORT_BY_NAME(.init_array.*))
 *(.init_array*)
 .init_array    0x08006f6c        0x4 C:/ST/STM32CubeIDE_1.11.0/STM32CubeIDE/plugins/com.st.stm32cube.ide.mcu.externaltools.gnu-tools-for-stm32.13.3.rel1.win32_1.0.0.202411081344/tools/bin/../lib/gcc/arm-none-eabi/13.3.1/thumb/v7-m/nofp/crtbegin.o
                0x08006f70                        PROVIDE (__init_array_end = .)
                0x08006f70                        . = ALIGN (0x4)

.fini_array     0x08006f70        0x4
                0x08006f70                        . = ALIGN (0x4)
                [!provide]                        PROVIDE (__fini_array_start = .)
 *(SORT_BY_NAME(.fini_array.*))
 *(.fini_array*)
 .fini_array    0x08006f70        0x4 C:/ST/STM32CubeIDE_1.11.0/STM32CubeIDE/plugins/com.st.stm32cube.ide.mcu.externaltools.gnu-tools-for-stm32.13.3.rel1.win32_1.0.0.202411081344/tools/bin/../lib/gcc/arm-none-eabi/13.3.1/thumb/v7-m/nofp/crtbegin.o
                [!provide]                        PROVIDE (__fini_array_end = .)
                0x08006f74                        . = ALIGN (0x4)
                0x08006f74                        _sidata = LOADADDR (.data)

.rel.dyn        0x08006f74        0x0
 .rel.iplt      0x08006f74        0x0 C:/ST/STM32CubeIDE_1.11.0/STM32CubeIDE/plugins/com.st.stm32cube.ide.mcu.externaltools.gnu-tools-for-stm32.13.3.rel1.win32_1.0.0.202411081344/tools/bin/../lib/gcc/arm-none-eabi/13.3.1/thumb/v7-m/nofp/crtbegin.o

.data           0x20000000       0x60 load address 0x08006f74
                0x20000000                        . = ALIGN (0x4)
                0x20000000                        _sdata = .
 *(.data)
 *(.data*)
 .data.Layer_1_copy_x
                0x20000000        0x4 ./Core/Src/lcd_display.o
                0x20000000                Layer_1_copy_x
 .data.SystemCoreClock
                0x20000004        0x4 ./Core/Src/system_stm32f1xx.o
                0x20000004                SystemCoreClock
 .data.uwTickFreq
                0x20000008        0x1 ./Drivers/STM32F1xx_HAL_Driver/Src/stm32f1xx_hal.o
                0x20000008                uwTickFreq
 *fill*         0x20000009        0x3 
 .data.uwTickPrio
                0x2000000c        0x4 ./Drivers/STM32F1xx_HAL_Driver/Src/stm32f1xx_hal.o
                0x2000000c                uwTickPrio
 .data._impure_ptr
                0x20000010        0x4 C:/ST/STM32CubeIDE_1.11.0/STM32CubeIDE/plugins/com.st.stm32cube.ide.mcu.externaltools.gnu-tools-for-stm32.13.3.rel1.win32_1.0.0.202411081344/tools/bin/../lib/gcc/arm-none-eabi/13.3.1/../../../../arm-none-eabi/lib/thumb/v7-m/nofp\libc_nano.a(libc_a-impure.o)
                0x20000010                _impure_ptr
 .data._impure_data
                0x20000014       0x4c C:/ST/STM32CubeIDE_1.11.0/STM32CubeIDE/plugins/com.st.stm32cube.ide.mcu.externaltools.gnu-tools-for-stm32.13.3.rel1.win32_1.0.0.202411081344/tools/bin/../lib/gcc/arm-none-eabi/13.3.1/../../../../arm-none-eabi/lib/thumb/v7-m/nofp\libc_nano.a(libc_a-impure.o)
                0x20000014                _impure_data
 *(.RamFunc)
 *(.RamFunc*)
                0x20000060                        . = ALIGN (0x4)
                0x20000060                        _edata = .

.igot.plt       0x20000060        0x0 load address 0x08006fd4
 .igot.plt      0x20000060        0x0 C:/ST/STM32CubeIDE_1.11.0/STM32CubeIDE/plugins/com.st.stm32cube.ide.mcu.externaltools.gnu-tools-for-stm32.13.3.rel1.win32_1.0.0.202411081344/tools/bin/../lib/gcc/arm-none-eabi/13.3.1/thumb/v7-m/nofp/crtbegin.o
                0x20000060                        . = ALIGN (0x4)

.bss            0x20000060      0x804 load address 0x08006fd4
                0x20000060                        _sbss = .
                0x20000060                        __bss_start__ = _sbss
 *(.bss)
 .bss           0x20000060       0x1c C:/ST/STM32CubeIDE_1.11.0/STM32CubeIDE/plugins/com.st.stm32cube.ide.mcu.externaltools.gnu-tools-for-stm32.13.3.rel1.win32_1.0.0.202411081344/tools/bin/../lib/gcc/arm-none-eabi/13.3.1/thumb/v7-m/nofp/crtbegin.o
 *(.bss*)
 .bss.flag_adc_conv
                0x2000007c        0x1 ./Core/Src/adc_sampling.o
                0x2000007c                flag_adc_conv
 .bss.sum_adc_count
                0x2000007d        0x1 ./Core/Src/adc_sampling.o
                0x2000007d                sum_adc_count
 *fill*         0x2000007e        0x2 
 .bss.rNTC      0x20000080        0x4 ./Core/Src/adc_sampling.o
                0x20000080                rNTC
 .bss.soc_battery
                0x20000084        0x2 ./Core/Src/adc_sampling.o
                0x20000084                soc_battery
 *fill*         0x20000086        0x2 
 .bss.dis_temperature
                0x20000088        0x4 ./Core/Src/adc_sampling.o
                0x20000088                dis_temperature
 .bss.dis_power_pv
                0x2000008c        0x2 ./Core/Src/adc_sampling.o
                0x2000008c                dis_power_pv
 .bss.dis_power_bat
                0x2000008e        0x2 ./Core/Src/adc_sampling.o
                0x2000008e                dis_power_bat
 .bss.dis_current_pv
                0x20000090        0x2 ./Core/Src/adc_sampling.o
                0x20000090                dis_current_pv
 .bss.dis_current_bat
                0x20000092        0x2 ./Core/Src/adc_sampling.o
                0x20000092                dis_current_bat
 .bss.dis_voltage_pv
                0x20000094        0x2 ./Core/Src/adc_sampling.o
                0x20000094                dis_voltage_pv
 .bss.dis_voltage_bat
                0x20000096        0x2 ./Core/Src/adc_sampling.o
                0x20000096                dis_voltage_bat
 .bss.temperature
                0x20000098        0x4 ./Core/Src/adc_sampling.o
                0x20000098                temperature
 .bss.current_pv
                0x2000009c        0x2 ./Core/Src/adc_sampling.o
                0x2000009c                current_pv
 .bss.current_bat
                0x2000009e        0x2 ./Core/Src/adc_sampling.o
                0x2000009e                current_bat
 .bss.voltage_pv
                0x200000a0        0x2 ./Core/Src/adc_sampling.o
                0x200000a0                voltage_pv
 .bss.voltage_bat
                0x200000a2        0x2 ./Core/Src/adc_sampling.o
                0x200000a2                voltage_bat
 .bss.avg_temperature
                0x200000a4        0x2 ./Core/Src/adc_sampling.o
                0x200000a4                avg_temperature
 .bss.avg_current_bat
                0x200000a6        0x2 ./Core/Src/adc_sampling.o
                0x200000a6                avg_current_bat
 .bss.avg_current_pv
                0x200000a8        0x2 ./Core/Src/adc_sampling.o
                0x200000a8                avg_current_pv
 .bss.avg_voltage_bat
                0x200000aa        0x2 ./Core/Src/adc_sampling.o
                0x200000aa                avg_voltage_bat
 .bss.avg_voltage_pv
                0x200000ac        0x2 ./Core/Src/adc_sampling.o
                0x200000ac                avg_voltage_pv
 *fill*         0x200000ae        0x2 
 .bss.sum_temperature
                0x200000b0        0x4 ./Core/Src/adc_sampling.o
                0x200000b0                sum_temperature
 .bss.sum_current_bat
                0x200000b4        0x4 ./Core/Src/adc_sampling.o
                0x200000b4                sum_current_bat
 .bss.sum_current_pv
                0x200000b8        0x4 ./Core/Src/adc_sampling.o
                0x200000b8                sum_current_pv
 .bss.sum_voltage_bat
                0x200000bc        0x4 ./Core/Src/adc_sampling.o
                0x200000bc                sum_voltage_bat
 .bss.sum_voltage_pv
                0x200000c0        0x4 ./Core/Src/adc_sampling.o
                0x200000c0                sum_voltage_pv
 .bss.ADC_RAW   0x200000c4        0xa ./Core/Src/adc_sampling.o
                0x200000c4                ADC_RAW
 .bss.buffer.0  0x200000ce       0x20 ./Core/Src/lcd_display.o
 .bss.buf_idx.1
                0x200000ee        0x1 ./Core/Src/lcd_display.o
 .bss.lcd_buff  0x200000ef       0x10 ./Core/Src/lcd_display.o
                0x200000ef                lcd_buff
 .bss.timeSch   0x200000ff        0x7 ./Core/Src/main.o
                0x200000ff                timeSch
 .bss.count_2S  0x20000106        0x1 ./Core/Src/main.o
                0x20000106                count_2S
 .bss.count_1S  0x20000107        0x1 ./Core/Src/main.o
                0x20000107                count_1S
 .bss.count_500mS
                0x20000108        0x1 ./Core/Src/main.o
                0x20000108                count_500mS
 .bss.count_100mS
                0x20000109        0x1 ./Core/Src/main.o
                0x20000109                count_100mS
 .bss.count_10mS
                0x2000010a        0x1 ./Core/Src/main.o
                0x2000010a                count_10mS
 .bss.count_5mS
                0x2000010b        0x1 ./Core/Src/main.o
                0x2000010b                count_5mS
 .bss.display   0x2000010c       0x94 ./Core/Src/main.o
                0x2000010c                display
 .bss.htim4     0x200001a0       0x48 ./Core/Src/main.o
                0x200001a0                htim4
 .bss.htim1     0x200001e8       0x48 ./Core/Src/main.o
                0x200001e8                htim1
 .bss.hi2c1     0x20000230       0x54 ./Core/Src/main.o
                0x20000230                hi2c1
 .bss.hdma_adc1
                0x20000284       0x44 ./Core/Src/main.o
                0x20000284                hdma_adc1
 .bss.hadc1     0x200002c8       0x30 ./Core/Src/main.o
                0x200002c8                hadc1
 .bss.prevVoltagePv
                0x200002f8        0x2 ./Core/Src/mppt.o
                0x200002f8                prevVoltagePv
 .bss.prevPowerInput
                0x200002fa        0x2 ./Core/Src/mppt.o
                0x200002fa                prevPowerInput
 .bss.count_charging_CV
                0x200002fc        0x2 ./Core/Src/mppt.o
                0x200002fc                count_charging_CV
 .bss.flag_charging_CV
                0x200002fe        0x1 ./Core/Src/mppt.o
                0x200002fe                flag_charging_CV
 .bss.flag_charging_Bulk
                0x200002ff        0x1 ./Core/Src/mppt.o
                0x200002ff                flag_charging_Bulk
 .bss.flag_enter_charge
                0x20000300        0x1 ./Core/Src/mppt.o
                0x20000300                flag_enter_charge
 .bss.flag_adc_done
                0x20000301        0x1 ./Core/Src/mppt.o
                0x20000301                flag_adc_done
 *fill*         0x20000302        0x2 
 .bss.duty_percent
                0x20000304        0x4 ./Core/Src/pwm.o
                0x20000304                duty_percent
 .bss.PWM_VALUE
                0x20000308        0x2 ./Core/Src/pwm.o
                0x20000308                PWM_VALUE
 .bss.flag_pwm_on
                0x2000030a        0x1 ./Core/Src/pwm.o
                0x2000030a                flag_pwm_on
 .bss.flag_pwm_off
                0x2000030b        0x1 ./Core/Src/pwm.o
                0x2000030b                flag_pwm_off
 .bss.duty_cycle
                0x2000030c        0x2 ./Core/Src/pwm.o
                0x2000030c                duty_cycle
 .bss.shift_pwm_channel
                0x2000030e        0x1 ./Core/Src/pwm.o
                0x2000030e                shift_pwm_channel
 *fill*         0x2000030f        0x1 
 .bss.__sbrk_heap_end
                0x20000310        0x4 ./Core/Src/sysmem.o
 .bss.count_wait_charge
                0x20000314        0x1 ./Core/Src/work_protect.o
                0x20000314                count_wait_charge
 .bss.mpptError
                0x20000315        0x1 ./Core/Src/work_protect.o
                0x20000315                mpptError
 *fill*         0x20000316        0x2 
 .bss.uwTick    0x20000318        0x4 ./Drivers/STM32F1xx_HAL_Driver/Src/stm32f1xx_hal.o
                0x20000318                uwTick
 .bss.buf.207   0x2000031c      0x400 ./Drivers/csrc/u8g2_d_memory.o
 .bss.__sf      0x2000071c      0x138 C:/ST/STM32CubeIDE_1.11.0/STM32CubeIDE/plugins/com.st.stm32cube.ide.mcu.externaltools.gnu-tools-for-stm32.13.3.rel1.win32_1.0.0.202411081344/tools/bin/../lib/gcc/arm-none-eabi/13.3.1/../../../../arm-none-eabi/lib/thumb/v7-m/nofp\libc_nano.a(libc_a-findfp.o)
                0x2000071c                __sf
 .bss.errno     0x20000854        0x4 C:/ST/STM32CubeIDE_1.11.0/STM32CubeIDE/plugins/com.st.stm32cube.ide.mcu.externaltools.gnu-tools-for-stm32.13.3.rel1.win32_1.0.0.202411081344/tools/bin/../lib/gcc/arm-none-eabi/13.3.1/../../../../arm-none-eabi/lib/thumb/v7-m/nofp\libc_nano.a(libc_a-reent.o)
                0x20000854                errno
 .bss.__lock___malloc_recursive_mutex
                0x20000858        0x1 C:/ST/STM32CubeIDE_1.11.0/STM32CubeIDE/plugins/com.st.stm32cube.ide.mcu.externaltools.gnu-tools-for-stm32.13.3.rel1.win32_1.0.0.202411081344/tools/bin/../lib/gcc/arm-none-eabi/13.3.1/../../../../arm-none-eabi/lib/thumb/v7-m/nofp\libc_nano.a(libc_a-lock.o)
                0x20000858                __lock___malloc_recursive_mutex
 *fill*         0x20000859        0x3 
 .bss.__malloc_sbrk_start
                0x2000085c        0x4 C:/ST/STM32CubeIDE_1.11.0/STM32CubeIDE/plugins/com.st.stm32cube.ide.mcu.externaltools.gnu-tools-for-stm32.13.3.rel1.win32_1.0.0.202411081344/tools/bin/../lib/gcc/arm-none-eabi/13.3.1/../../../../arm-none-eabi/lib/thumb/v7-m/nofp\libc_nano.a(libc_a-mallocr.o)
                0x2000085c                __malloc_sbrk_start
 .bss.__malloc_free_list
                0x20000860        0x4 C:/ST/STM32CubeIDE_1.11.0/STM32CubeIDE/plugins/com.st.stm32cube.ide.mcu.externaltools.gnu-tools-for-stm32.13.3.rel1.win32_1.0.0.202411081344/tools/bin/../lib/gcc/arm-none-eabi/13.3.1/../../../../arm-none-eabi/lib/thumb/v7-m/nofp\libc_nano.a(libc_a-mallocr.o)
                0x20000860                __malloc_free_list
 *(COMMON)
                0x20000864                        . = ALIGN (0x4)
                0x20000864                        _ebss = .
                0x20000864                        __bss_end__ = _ebss

._user_heap_stack
                0x20000864      0x604 load address 0x08006fd4
                0x20000868                        . = ALIGN (0x8)
 *fill*         0x20000864        0x4 
                [!provide]                        PROVIDE (end = .)
                0x20000868                        PROVIDE (_end = .)
                0x20000a68                        . = (. + _Min_Heap_Size)
 *fill*         0x20000868      0x200 
                0x20000e68                        . = (. + _Min_Stack_Size)
 *fill*         0x20000a68      0x400 
                0x20000e68                        . = ALIGN (0x8)

/DISCARD/
 libc.a(*)
 libm.a(*)
 libgcc.a(*)

.ARM.attributes
                0x00000000       0x29
 *(.ARM.attributes)
 .ARM.attributes
                0x00000000       0x1d C:/ST/STM32CubeIDE_1.11.0/STM32CubeIDE/plugins/com.st.stm32cube.ide.mcu.externaltools.gnu-tools-for-stm32.13.3.rel1.win32_1.0.0.202411081344/tools/bin/../lib/gcc/arm-none-eabi/13.3.1/thumb/v7-m/nofp/crti.o
 .ARM.attributes
                0x0000001d       0x2d C:/ST/STM32CubeIDE_1.11.0/STM32CubeIDE/plugins/com.st.stm32cube.ide.mcu.externaltools.gnu-tools-for-stm32.13.3.rel1.win32_1.0.0.202411081344/tools/bin/../lib/gcc/arm-none-eabi/13.3.1/thumb/v7-m/nofp/crtbegin.o
 .ARM.attributes
                0x0000004a       0x2d ./Core/Src/adc_sampling.o
 .ARM.attributes
                0x00000077       0x2d ./Core/Src/lcd_display.o
 .ARM.attributes
                0x000000a4       0x2d ./Core/Src/main.o
 .ARM.attributes
                0x000000d1       0x2d ./Core/Src/mppt.o
 .ARM.attributes
                0x000000fe       0x2d ./Core/Src/pwm.o
 .ARM.attributes
                0x0000012b       0x2d ./Core/Src/stm32f1xx_hal_msp.o
 .ARM.attributes
                0x00000158       0x2d ./Core/Src/stm32f1xx_it.o
 .ARM.attributes
                0x00000185       0x2d ./Core/Src/sysmem.o
 .ARM.attributes
                0x000001b2       0x2d ./Core/Src/system_stm32f1xx.o
 .ARM.attributes
                0x000001df       0x2d ./Core/Src/work_protect.o
 .ARM.attributes
                0x0000020c       0x21 ./Core/Startup/startup_stm32f103cbtx.o
 .ARM.attributes
                0x0000022d       0x2d ./Drivers/STM32F1xx_HAL_Driver/Src/stm32f1xx_hal.o
 .ARM.attributes
                0x0000025a       0x2d ./Drivers/STM32F1xx_HAL_Driver/Src/stm32f1xx_hal_adc.o
 .ARM.attributes
                0x00000287       0x2d ./Drivers/STM32F1xx_HAL_Driver/Src/stm32f1xx_hal_adc_ex.o
 .ARM.attributes
                0x000002b4       0x2d ./Drivers/STM32F1xx_HAL_Driver/Src/stm32f1xx_hal_cortex.o
 .ARM.attributes
                0x000002e1       0x2d ./Drivers/STM32F1xx_HAL_Driver/Src/stm32f1xx_hal_dma.o
 .ARM.attributes
                0x0000030e       0x2d ./Drivers/STM32F1xx_HAL_Driver/Src/stm32f1xx_hal_gpio.o
 .ARM.attributes
                0x0000033b       0x2d ./Drivers/STM32F1xx_HAL_Driver/Src/stm32f1xx_hal_i2c.o
 .ARM.attributes
                0x00000368       0x2d ./Drivers/STM32F1xx_HAL_Driver/Src/stm32f1xx_hal_rcc.o
 .ARM.attributes
                0x00000395       0x2d ./Drivers/STM32F1xx_HAL_Driver/Src/stm32f1xx_hal_rcc_ex.o
 .ARM.attributes
                0x000003c2       0x2d ./Drivers/STM32F1xx_HAL_Driver/Src/stm32f1xx_hal_tim.o
 .ARM.attributes
                0x000003ef       0x2d ./Drivers/STM32F1xx_HAL_Driver/Src/stm32f1xx_hal_tim_ex.o
 .ARM.attributes
                0x0000041c       0x2d ./Drivers/csrc/u8g2_bitmap.o
 .ARM.attributes
                0x00000449       0x2d ./Drivers/csrc/u8g2_box.o
 .ARM.attributes
                0x00000476       0x2d ./Drivers/csrc/u8g2_buffer.o
 .ARM.attributes
                0x000004a3       0x2d ./Drivers/csrc/u8g2_cleardisplay.o
 .ARM.attributes
                0x000004d0       0x2d ./Drivers/csrc/u8g2_d_memory.o
 .ARM.attributes
                0x000004fd       0x2d ./Drivers/csrc/u8g2_d_setup.o
 .ARM.attributes
                0x0000052a       0x2d ./Drivers/csrc/u8g2_font.o
 .ARM.attributes
                0x00000557       0x2d ./Drivers/csrc/u8g2_fonts.o
 .ARM.attributes
                0x00000584       0x2d ./Drivers/csrc/u8g2_hvline.o
 .ARM.attributes
                0x000005b1       0x2d ./Drivers/csrc/u8g2_intersection.o
 .ARM.attributes
                0x000005de       0x2d ./Drivers/csrc/u8g2_line.o
 .ARM.attributes
                0x0000060b       0x2d ./Drivers/csrc/u8g2_ll_hvline.o
 .ARM.attributes
                0x00000638       0x2d ./Drivers/csrc/u8g2_setup.o
 .ARM.attributes
                0x00000665       0x2d ./Drivers/csrc/u8x8_8x8.o
 .ARM.attributes
                0x00000692       0x2d ./Drivers/csrc/u8x8_byte.o
 .ARM.attributes
                0x000006bf       0x2d ./Drivers/csrc/u8x8_cad.o
 .ARM.attributes
                0x000006ec       0x2d ./Drivers/csrc/u8x8_d_ssd1309.o
 .ARM.attributes
                0x00000719       0x2d ./Drivers/csrc/u8x8_display.o
 .ARM.attributes
                0x00000746       0x2d ./Drivers/csrc/u8x8_gpio.o
 .ARM.attributes
                0x00000773       0x2d ./Drivers/csrc/u8x8_setup.o
 .ARM.attributes
                0x000007a0       0x2d C:/ST/STM32CubeIDE_1.11.0/STM32CubeIDE/plugins/com.st.stm32cube.ide.mcu.externaltools.gnu-tools-for-stm32.13.3.rel1.win32_1.0.0.202411081344/tools/bin/../lib/gcc/arm-none-eabi/13.3.1/../../../../arm-none-eabi/lib/thumb/v7-m/nofp\libc_nano.a(libc_a-findfp.o)
 .ARM.attributes
                0x000007cd       0x2d C:/ST/STM32CubeIDE_1.11.0/STM32CubeIDE/plugins/com.st.stm32cube.ide.mcu.externaltools.gnu-tools-for-stm32.13.3.rel1.win32_1.0.0.202411081344/tools/bin/../lib/gcc/arm-none-eabi/13.3.1/../../../../arm-none-eabi/lib/thumb/v7-m/nofp\libc_nano.a(libc_a-sprintf.o)
 .ARM.attributes
                0x000007fa       0x2d C:/ST/STM32CubeIDE_1.11.0/STM32CubeIDE/plugins/com.st.stm32cube.ide.mcu.externaltools.gnu-tools-for-stm32.13.3.rel1.win32_1.0.0.202411081344/tools/bin/../lib/gcc/arm-none-eabi/13.3.1/../../../../arm-none-eabi/lib/thumb/v7-m/nofp\libc_nano.a(libc_a-memmove.o)
 .ARM.attributes
                0x00000827       0x2d C:/ST/STM32CubeIDE_1.11.0/STM32CubeIDE/plugins/com.st.stm32cube.ide.mcu.externaltools.gnu-tools-for-stm32.13.3.rel1.win32_1.0.0.202411081344/tools/bin/../lib/gcc/arm-none-eabi/13.3.1/../../../../arm-none-eabi/lib/thumb/v7-m/nofp\libc_nano.a(libc_a-memset.o)
 .ARM.attributes
                0x00000854       0x2d C:/ST/STM32CubeIDE_1.11.0/STM32CubeIDE/plugins/com.st.stm32cube.ide.mcu.externaltools.gnu-tools-for-stm32.13.3.rel1.win32_1.0.0.202411081344/tools/bin/../lib/gcc/arm-none-eabi/13.3.1/../../../../arm-none-eabi/lib/thumb/v7-m/nofp\libc_nano.a(libc_a-reent.o)
 .ARM.attributes
                0x00000881       0x2d C:/ST/STM32CubeIDE_1.11.0/STM32CubeIDE/plugins/com.st.stm32cube.ide.mcu.externaltools.gnu-tools-for-stm32.13.3.rel1.win32_1.0.0.202411081344/tools/bin/../lib/gcc/arm-none-eabi/13.3.1/../../../../arm-none-eabi/lib/thumb/v7-m/nofp\libc_nano.a(libc_a-impure.o)
 .ARM.attributes
                0x000008ae       0x2d C:/ST/STM32CubeIDE_1.11.0/STM32CubeIDE/plugins/com.st.stm32cube.ide.mcu.externaltools.gnu-tools-for-stm32.13.3.rel1.win32_1.0.0.202411081344/tools/bin/../lib/gcc/arm-none-eabi/13.3.1/../../../../arm-none-eabi/lib/thumb/v7-m/nofp\libc_nano.a(libc_a-errno.o)
 .ARM.attributes
                0x000008db       0x2d C:/ST/STM32CubeIDE_1.11.0/STM32CubeIDE/plugins/com.st.stm32cube.ide.mcu.externaltools.gnu-tools-for-stm32.13.3.rel1.win32_1.0.0.202411081344/tools/bin/../lib/gcc/arm-none-eabi/13.3.1/../../../../arm-none-eabi/lib/thumb/v7-m/nofp\libc_nano.a(libc_a-init.o)
 .ARM.attributes
                0x00000908       0x2d C:/ST/STM32CubeIDE_1.11.0/STM32CubeIDE/plugins/com.st.stm32cube.ide.mcu.externaltools.gnu-tools-for-stm32.13.3.rel1.win32_1.0.0.202411081344/tools/bin/../lib/gcc/arm-none-eabi/13.3.1/../../../../arm-none-eabi/lib/thumb/v7-m/nofp\libc_nano.a(libc_a-lock.o)
 .ARM.attributes
                0x00000935       0x2d C:/ST/STM32CubeIDE_1.11.0/STM32CubeIDE/plugins/com.st.stm32cube.ide.mcu.externaltools.gnu-tools-for-stm32.13.3.rel1.win32_1.0.0.202411081344/tools/bin/../lib/gcc/arm-none-eabi/13.3.1/../../../../arm-none-eabi/lib/thumb/v7-m/nofp\libc_nano.a(libc_a-memcpy-stub.o)
 .ARM.attributes
                0x00000962       0x2d C:/ST/STM32CubeIDE_1.11.0/STM32CubeIDE/plugins/com.st.stm32cube.ide.mcu.externaltools.gnu-tools-for-stm32.13.3.rel1.win32_1.0.0.202411081344/tools/bin/../lib/gcc/arm-none-eabi/13.3.1/../../../../arm-none-eabi/lib/thumb/v7-m/nofp\libc_nano.a(libc_a-freer.o)
 .ARM.attributes
                0x0000098f       0x2d C:/ST/STM32CubeIDE_1.11.0/STM32CubeIDE/plugins/com.st.stm32cube.ide.mcu.externaltools.gnu-tools-for-stm32.13.3.rel1.win32_1.0.0.202411081344/tools/bin/../lib/gcc/arm-none-eabi/13.3.1/../../../../arm-none-eabi/lib/thumb/v7-m/nofp\libc_nano.a(libc_a-mallocr.o)
 .ARM.attributes
                0x000009bc       0x2d C:/ST/STM32CubeIDE_1.11.0/STM32CubeIDE/plugins/com.st.stm32cube.ide.mcu.externaltools.gnu-tools-for-stm32.13.3.rel1.win32_1.0.0.202411081344/tools/bin/../lib/gcc/arm-none-eabi/13.3.1/../../../../arm-none-eabi/lib/thumb/v7-m/nofp\libc_nano.a(libc_a-mlock.o)
 .ARM.attributes
                0x000009e9       0x2d C:/ST/STM32CubeIDE_1.11.0/STM32CubeIDE/plugins/com.st.stm32cube.ide.mcu.externaltools.gnu-tools-for-stm32.13.3.rel1.win32_1.0.0.202411081344/tools/bin/../lib/gcc/arm-none-eabi/13.3.1/../../../../arm-none-eabi/lib/thumb/v7-m/nofp\libc_nano.a(libc_a-nano-svfprintf.o)
 .ARM.attributes
                0x00000a16       0x2d C:/ST/STM32CubeIDE_1.11.0/STM32CubeIDE/plugins/com.st.stm32cube.ide.mcu.externaltools.gnu-tools-for-stm32.13.3.rel1.win32_1.0.0.202411081344/tools/bin/../lib/gcc/arm-none-eabi/13.3.1/../../../../arm-none-eabi/lib/thumb/v7-m/nofp\libc_nano.a(libc_a-nano-vfprintf_i.o)
 .ARM.attributes
                0x00000a43       0x2d C:/ST/STM32CubeIDE_1.11.0/STM32CubeIDE/plugins/com.st.stm32cube.ide.mcu.externaltools.gnu-tools-for-stm32.13.3.rel1.win32_1.0.0.202411081344/tools/bin/../lib/gcc/arm-none-eabi/13.3.1/../../../../arm-none-eabi/lib/thumb/v7-m/nofp\libc_nano.a(libc_a-sbrkr.o)
 .ARM.attributes
                0x00000a70       0x2d C:/ST/STM32CubeIDE_1.11.0/STM32CubeIDE/plugins/com.st.stm32cube.ide.mcu.externaltools.gnu-tools-for-stm32.13.3.rel1.win32_1.0.0.202411081344/tools/bin/../lib/gcc/arm-none-eabi/13.3.1/../../../../arm-none-eabi/lib/thumb/v7-m/nofp\libc_nano.a(libc_a-memchr-stub.o)
 .ARM.attributes
                0x00000a9d       0x2d C:/ST/STM32CubeIDE_1.11.0/STM32CubeIDE/plugins/com.st.stm32cube.ide.mcu.externaltools.gnu-tools-for-stm32.13.3.rel1.win32_1.0.0.202411081344/tools/bin/../lib/gcc/arm-none-eabi/13.3.1/../../../../arm-none-eabi/lib/thumb/v7-m/nofp\libc_nano.a(libc_a-reallocr.o)
 .ARM.attributes
                0x00000aca       0x2d C:/ST/STM32CubeIDE_1.11.0/STM32CubeIDE/plugins/com.st.stm32cube.ide.mcu.externaltools.gnu-tools-for-stm32.13.3.rel1.win32_1.0.0.202411081344/tools/bin/../lib/gcc/arm-none-eabi/13.3.1/../../../../arm-none-eabi/lib/thumb/v7-m/nofp\libc_nano.a(libc_a-msizer.o)
 .ARM.attributes
                0x00000af7       0x2d C:/ST/STM32CubeIDE_1.11.0/STM32CubeIDE/plugins/com.st.stm32cube.ide.mcu.externaltools.gnu-tools-for-stm32.13.3.rel1.win32_1.0.0.202411081344/tools/bin/../lib/gcc/arm-none-eabi/13.3.1/../../../../arm-none-eabi/lib/thumb/v7-m/nofp\libm.a(libm_a-w_log.o)
 .ARM.attributes
                0x00000b24       0x2d C:/ST/STM32CubeIDE_1.11.0/STM32CubeIDE/plugins/com.st.stm32cube.ide.mcu.externaltools.gnu-tools-for-stm32.13.3.rel1.win32_1.0.0.202411081344/tools/bin/../lib/gcc/arm-none-eabi/13.3.1/../../../../arm-none-eabi/lib/thumb/v7-m/nofp\libm.a(libm_a-s_nan.o)
 .ARM.attributes
                0x00000b51       0x2d C:/ST/STM32CubeIDE_1.11.0/STM32CubeIDE/plugins/com.st.stm32cube.ide.mcu.externaltools.gnu-tools-for-stm32.13.3.rel1.win32_1.0.0.202411081344/tools/bin/../lib/gcc/arm-none-eabi/13.3.1/../../../../arm-none-eabi/lib/thumb/v7-m/nofp\libm.a(libm_a-e_log.o)
 .ARM.attributes
                0x00000b7e       0x1d C:/ST/STM32CubeIDE_1.11.0/STM32CubeIDE/plugins/com.st.stm32cube.ide.mcu.externaltools.gnu-tools-for-stm32.13.3.rel1.win32_1.0.0.202411081344/tools/bin/../lib/gcc/arm-none-eabi/13.3.1/thumb/v7-m/nofp\libgcc.a(_arm_addsubdf3.o)
 .ARM.attributes
                0x00000b9b       0x1d C:/ST/STM32CubeIDE_1.11.0/STM32CubeIDE/plugins/com.st.stm32cube.ide.mcu.externaltools.gnu-tools-for-stm32.13.3.rel1.win32_1.0.0.202411081344/tools/bin/../lib/gcc/arm-none-eabi/13.3.1/thumb/v7-m/nofp\libgcc.a(_arm_muldivdf3.o)
 .ARM.attributes
                0x00000bb8       0x1d C:/ST/STM32CubeIDE_1.11.0/STM32CubeIDE/plugins/com.st.stm32cube.ide.mcu.externaltools.gnu-tools-for-stm32.13.3.rel1.win32_1.0.0.202411081344/tools/bin/../lib/gcc/arm-none-eabi/13.3.1/thumb/v7-m/nofp\libgcc.a(_arm_cmpdf2.o)
 .ARM.attributes
                0x00000bd5       0x1d C:/ST/STM32CubeIDE_1.11.0/STM32CubeIDE/plugins/com.st.stm32cube.ide.mcu.externaltools.gnu-tools-for-stm32.13.3.rel1.win32_1.0.0.202411081344/tools/bin/../lib/gcc/arm-none-eabi/13.3.1/thumb/v7-m/nofp\libgcc.a(_arm_unorddf2.o)
 .ARM.attributes
                0x00000bf2       0x1d C:/ST/STM32CubeIDE_1.11.0/STM32CubeIDE/plugins/com.st.stm32cube.ide.mcu.externaltools.gnu-tools-for-stm32.13.3.rel1.win32_1.0.0.202411081344/tools/bin/../lib/gcc/arm-none-eabi/13.3.1/thumb/v7-m/nofp\libgcc.a(_arm_fixdfsi.o)
 .ARM.attributes
                0x00000c0f       0x1d C:/ST/STM32CubeIDE_1.11.0/STM32CubeIDE/plugins/com.st.stm32cube.ide.mcu.externaltools.gnu-tools-for-stm32.13.3.rel1.win32_1.0.0.202411081344/tools/bin/../lib/gcc/arm-none-eabi/13.3.1/thumb/v7-m/nofp\libgcc.a(_arm_truncdfsf2.o)
 .ARM.attributes
                0x00000c2c       0x1d C:/ST/STM32CubeIDE_1.11.0/STM32CubeIDE/plugins/com.st.stm32cube.ide.mcu.externaltools.gnu-tools-for-stm32.13.3.rel1.win32_1.0.0.202411081344/tools/bin/../lib/gcc/arm-none-eabi/13.3.1/thumb/v7-m/nofp\libgcc.a(_arm_addsubsf3.o)
 .ARM.attributes
                0x00000c49       0x1d C:/ST/STM32CubeIDE_1.11.0/STM32CubeIDE/plugins/com.st.stm32cube.ide.mcu.externaltools.gnu-tools-for-stm32.13.3.rel1.win32_1.0.0.202411081344/tools/bin/../lib/gcc/arm-none-eabi/13.3.1/thumb/v7-m/nofp\libgcc.a(_arm_muldivsf3.o)
 .ARM.attributes
                0x00000c66       0x1d C:/ST/STM32CubeIDE_1.11.0/STM32CubeIDE/plugins/com.st.stm32cube.ide.mcu.externaltools.gnu-tools-for-stm32.13.3.rel1.win32_1.0.0.202411081344/tools/bin/../lib/gcc/arm-none-eabi/13.3.1/thumb/v7-m/nofp\libgcc.a(_arm_fixunssfsi.o)
 .ARM.attributes
                0x00000c83       0x1d C:/ST/STM32CubeIDE_1.11.0/STM32CubeIDE/plugins/com.st.stm32cube.ide.mcu.externaltools.gnu-tools-for-stm32.13.3.rel1.win32_1.0.0.202411081344/tools/bin/../lib/gcc/arm-none-eabi/13.3.1/thumb/v7-m/nofp/crtn.o
OUTPUT(MPPT_Interleaved_Boost.elf elf32-littlearm)
LOAD linker stubs
LOAD C:/ST/STM32CubeIDE_1.11.0/STM32CubeIDE/plugins/com.st.stm32cube.ide.mcu.externaltools.gnu-tools-for-stm32.13.3.rel1.win32_1.0.0.202411081344/tools/bin/../lib/gcc/arm-none-eabi/13.3.1/../../../../arm-none-eabi/lib/thumb/v7-m/nofp\libc.a
LOAD C:/ST/STM32CubeIDE_1.11.0/STM32CubeIDE/plugins/com.st.stm32cube.ide.mcu.externaltools.gnu-tools-for-stm32.13.3.rel1.win32_1.0.0.202411081344/tools/bin/../lib/gcc/arm-none-eabi/13.3.1/../../../../arm-none-eabi/lib/thumb/v7-m/nofp\libm.a
LOAD C:/ST/STM32CubeIDE_1.11.0/STM32CubeIDE/plugins/com.st.stm32cube.ide.mcu.externaltools.gnu-tools-for-stm32.13.3.rel1.win32_1.0.0.202411081344/tools/bin/../lib/gcc/arm-none-eabi/13.3.1/thumb/v7-m/nofp\libgcc.a

.comment        0x00000000       0x43
 .comment       0x00000000       0x43 ./Core/Src/adc_sampling.o
                                 0x44 (size before relaxing)
 .comment       0x00000043       0x44 ./Core/Src/lcd_display.o
 .comment       0x00000043       0x44 ./Core/Src/main.o
 .comment       0x00000043       0x44 ./Core/Src/mppt.o
 .comment       0x00000043       0x44 ./Core/Src/pwm.o
 .comment       0x00000043       0x44 ./Core/Src/stm32f1xx_hal_msp.o
 .comment       0x00000043       0x44 ./Core/Src/stm32f1xx_it.o
 .comment       0x00000043       0x44 ./Core/Src/sysmem.o
 .comment       0x00000043       0x44 ./Core/Src/system_stm32f1xx.o
 .comment       0x00000043       0x44 ./Core/Src/work_protect.o
 .comment       0x00000043       0x44 ./Drivers/STM32F1xx_HAL_Driver/Src/stm32f1xx_hal.o
 .comment       0x00000043       0x44 ./Drivers/STM32F1xx_HAL_Driver/Src/stm32f1xx_hal_adc.o
 .comment       0x00000043       0x44 ./Drivers/STM32F1xx_HAL_Driver/Src/stm32f1xx_hal_adc_ex.o
 .comment       0x00000043       0x44 ./Drivers/STM32F1xx_HAL_Driver/Src/stm32f1xx_hal_cortex.o
 .comment       0x00000043       0x44 ./Drivers/STM32F1xx_HAL_Driver/Src/stm32f1xx_hal_dma.o
 .comment       0x00000043       0x44 ./Drivers/STM32F1xx_HAL_Driver/Src/stm32f1xx_hal_gpio.o
 .comment       0x00000043       0x44 ./Drivers/STM32F1xx_HAL_Driver/Src/stm32f1xx_hal_i2c.o
 .comment       0x00000043       0x44 ./Drivers/STM32F1xx_HAL_Driver/Src/stm32f1xx_hal_rcc.o
 .comment       0x00000043       0x44 ./Drivers/STM32F1xx_HAL_Driver/Src/stm32f1xx_hal_rcc_ex.o
 .comment       0x00000043       0x44 ./Drivers/STM32F1xx_HAL_Driver/Src/stm32f1xx_hal_tim.o
 .comment       0x00000043       0x44 ./Drivers/STM32F1xx_HAL_Driver/Src/stm32f1xx_hal_tim_ex.o
 .comment       0x00000043       0x44 ./Drivers/csrc/u8g2_bitmap.o
 .comment       0x00000043       0x44 ./Drivers/csrc/u8g2_box.o
 .comment       0x00000043       0x44 ./Drivers/csrc/u8g2_buffer.o
 .comment       0x00000043       0x44 ./Drivers/csrc/u8g2_cleardisplay.o
 .comment       0x00000043       0x44 ./Drivers/csrc/u8g2_d_memory.o
 .comment       0x00000043       0x44 ./Drivers/csrc/u8g2_d_setup.o
 .comment       0x00000043       0x44 ./Drivers/csrc/u8g2_font.o
 .comment       0x00000043       0x44 ./Drivers/csrc/u8g2_fonts.o
 .comment       0x00000043       0x44 ./Drivers/csrc/u8g2_hvline.o
 .comment       0x00000043       0x44 ./Drivers/csrc/u8g2_intersection.o
 .comment       0x00000043       0x44 ./Drivers/csrc/u8g2_line.o
 .comment       0x00000043       0x44 ./Drivers/csrc/u8g2_ll_hvline.o
 .comment       0x00000043       0x44 ./Drivers/csrc/u8g2_setup.o
 .comment       0x00000043       0x44 ./Drivers/csrc/u8x8_8x8.o